<?xml version="1.0" encoding="ISO-8859-1" ?>
<link_info>
   <banner>TI ARM Clang Linker PC v3.2.2.LTS</banner>
   <copyright>Copyright (c) 1996-2018 Texas Instruments Incorporated</copyright>
   <link_time>0x66aed535</link_time>
   <link_errors>0x0</link_errors>
   <output_file>C:\Users\29683\workspace_ccstheia\M0G3507 copy\Debug\M0G3507.out</output_file>
   <entry_point>
      <name>_c_int00_noargs</name>
      <address>0x4a09</address>
   </entry_point>
   <input_file_list>
      <input_file id="fl-1">
         <path>C:\Users\29683\workspace_ccstheia\M0G3507 copy\Debug\.\</path>
         <kind>object</kind>
         <file>main.o</file>
         <name>main.o</name>
      </input_file>
      <input_file id="fl-2">
         <path>C:\Users\29683\workspace_ccstheia\M0G3507 copy\Debug\.\</path>
         <kind>object</kind>
         <file>ti_msp_dl_config.o</file>
         <name>ti_msp_dl_config.o</name>
      </input_file>
      <input_file id="fl-3">
         <path>C:\Users\29683\workspace_ccstheia\M0G3507 copy\Debug\.\</path>
         <kind>object</kind>
         <file>startup_mspm0g350x_ticlang.o</file>
         <name>startup_mspm0g350x_ticlang.o</name>
      </input_file>
      <input_file id="fl-4">
         <path>C:\Users\29683\workspace_ccstheia\M0G3507 copy\Debug\.\KEY\</path>
         <kind>object</kind>
         <file>Delay.o</file>
         <name>Delay.o</name>
      </input_file>
      <input_file id="fl-5">
         <path>C:\Users\29683\workspace_ccstheia\M0G3507 copy\Debug\.\KEY\</path>
         <kind>object</kind>
         <file>JY61P.o</file>
         <name>JY61P.o</name>
      </input_file>
      <input_file id="fl-6">
         <path>C:\Users\29683\workspace_ccstheia\M0G3507 copy\Debug\.\KEY\</path>
         <kind>object</kind>
         <file>control_two.o</file>
         <name>control_two.o</name>
      </input_file>
      <input_file id="fl-7">
         <path>C:\Users\29683\workspace_ccstheia\M0G3507 copy\Debug\.\KEY\</path>
         <kind>object</kind>
         <file>key.o</file>
         <name>key.o</name>
      </input_file>
      <input_file id="fl-8">
         <path>C:\Users\29683\workspace_ccstheia\M0G3507 copy\Debug\.\MOTOR\</path>
         <kind>object</kind>
         <file>motor.o</file>
         <name>motor.o</name>
      </input_file>
      <input_file id="fl-9">
         <path>C:\Users\29683\workspace_ccstheia\M0G3507 copy\Debug\.\OLED\</path>
         <kind>object</kind>
         <file>oled.o</file>
         <name>oled.o</name>
      </input_file>
      <input_file id="fl-a">
         <path>C:\Users\29683\workspace_ccstheia\M0G3507 copy\Debug\.\PID\</path>
         <kind>object</kind>
         <file>pid.o</file>
         <name>pid.o</name>
      </input_file>
      <input_file id="fl-17">
         <path>C:\Users\29683\workspace_ccstheia\M0G3507 copy\Debug\</path>
         <kind>object</kind>
         <file>&lt;internal&gt;</file>
         <name>&lt;internal&gt;</name>
      </input_file>
      <input_file id="fl-18">
         <path>D:\TI\SDK\mspm0_sdk_2_01_00_03\source\ti\driverlib\lib\ticlang\m0p\mspm0g1x0x_g3x0x\</path>
         <kind>archive</kind>
         <file>driverlib.a</file>
         <name>dl_common.o</name>
      </input_file>
      <input_file id="fl-19">
         <path>D:\TI\SDK\mspm0_sdk_2_01_00_03\source\ti\driverlib\lib\ticlang\m0p\mspm0g1x0x_g3x0x\</path>
         <kind>archive</kind>
         <file>driverlib.a</file>
         <name>dl_timer.o</name>
      </input_file>
      <input_file id="fl-1a">
         <path>D:\TI\SDK\mspm0_sdk_2_01_00_03\source\ti\driverlib\lib\ticlang\m0p\mspm0g1x0x_g3x0x\</path>
         <kind>archive</kind>
         <file>driverlib.a</file>
         <name>dl_uart.o</name>
      </input_file>
      <input_file id="fl-29">
         <path>D:\TI\ccs\tools\compiler\ti-cgt-armllvm_3.2.2.LTS\lib\armv6m-ti-none-eabi\c\</path>
         <kind>archive</kind>
         <file>libc.a</file>
         <name>printf.c.obj</name>
      </input_file>
      <input_file id="fl-2a">
         <path>D:\TI\ccs\tools\compiler\ti-cgt-armllvm_3.2.2.LTS\lib\armv6m-ti-none-eabi\c\</path>
         <kind>archive</kind>
         <file>libc.a</file>
         <name>_printfi.c.obj</name>
      </input_file>
      <input_file id="fl-2b">
         <path>D:\TI\ccs\tools\compiler\ti-cgt-armllvm_3.2.2.LTS\lib\armv6m-ti-none-eabi\c\</path>
         <kind>archive</kind>
         <file>libc.a</file>
         <name>sprintf.c.obj</name>
      </input_file>
      <input_file id="fl-2c">
         <path>D:\TI\ccs\tools\compiler\ti-cgt-armllvm_3.2.2.LTS\lib\armv6m-ti-none-eabi\c\</path>
         <kind>archive</kind>
         <file>libc.a</file>
         <name>s_frexp.c.obj</name>
      </input_file>
      <input_file id="fl-2d">
         <path>D:\TI\ccs\tools\compiler\ti-cgt-armllvm_3.2.2.LTS\lib\armv6m-ti-none-eabi\c\</path>
         <kind>archive</kind>
         <file>libc.a</file>
         <name>s_scalbn.c.obj</name>
      </input_file>
      <input_file id="fl-2e">
         <path>D:\TI\ccs\tools\compiler\ti-cgt-armllvm_3.2.2.LTS\lib\armv6m-ti-none-eabi\c\</path>
         <kind>archive</kind>
         <file>libc.a</file>
         <name>aeabi_portable.c.obj</name>
      </input_file>
      <input_file id="fl-2f">
         <path>D:\TI\ccs\tools\compiler\ti-cgt-armllvm_3.2.2.LTS\lib\armv6m-ti-none-eabi\c\</path>
         <kind>archive</kind>
         <file>libc.a</file>
         <name>_lock.c.obj</name>
      </input_file>
      <input_file id="fl-30">
         <path>D:\TI\ccs\tools\compiler\ti-cgt-armllvm_3.2.2.LTS\lib\armv6m-ti-none-eabi\c\</path>
         <kind>archive</kind>
         <file>libc.a</file>
         <name>_ltoa.c.obj</name>
      </input_file>
      <input_file id="fl-31">
         <path>D:\TI\ccs\tools\compiler\ti-cgt-armllvm_3.2.2.LTS\lib\armv6m-ti-none-eabi\c\</path>
         <kind>archive</kind>
         <file>libc.a</file>
         <name>assert.c.obj</name>
      </input_file>
      <input_file id="fl-32">
         <path>D:\TI\ccs\tools\compiler\ti-cgt-armllvm_3.2.2.LTS\lib\armv6m-ti-none-eabi\c\</path>
         <kind>archive</kind>
         <file>libc.a</file>
         <name>atoi.c.obj</name>
      </input_file>
      <input_file id="fl-33">
         <path>D:\TI\ccs\tools\compiler\ti-cgt-armllvm_3.2.2.LTS\lib\armv6m-ti-none-eabi\c\</path>
         <kind>archive</kind>
         <file>libc.a</file>
         <name>defs.c.obj</name>
      </input_file>
      <input_file id="fl-34">
         <path>D:\TI\ccs\tools\compiler\ti-cgt-armllvm_3.2.2.LTS\lib\armv6m-ti-none-eabi\c\</path>
         <kind>archive</kind>
         <file>libc.a</file>
         <name>memccpy.c.obj</name>
      </input_file>
      <input_file id="fl-35">
         <path>D:\TI\ccs\tools\compiler\ti-cgt-armllvm_3.2.2.LTS\lib\armv6m-ti-none-eabi\c\</path>
         <kind>archive</kind>
         <file>libc.a</file>
         <name>memory.c.obj</name>
      </input_file>
      <input_file id="fl-36">
         <path>D:\TI\ccs\tools\compiler\ti-cgt-armllvm_3.2.2.LTS\lib\armv6m-ti-none-eabi\c\</path>
         <kind>archive</kind>
         <file>libc.a</file>
         <name>strlen.c.obj</name>
      </input_file>
      <input_file id="fl-37">
         <path>D:\TI\ccs\tools\compiler\ti-cgt-armllvm_3.2.2.LTS\lib\armv6m-ti-none-eabi\c\</path>
         <kind>archive</kind>
         <file>libc.a</file>
         <name>boot_cortex_m.c.obj</name>
      </input_file>
      <input_file id="fl-38">
         <path>D:\TI\ccs\tools\compiler\ti-cgt-armllvm_3.2.2.LTS\lib\armv6m-ti-none-eabi\c\</path>
         <kind>archive</kind>
         <file>libc.a</file>
         <name>mathacl_init.c.obj</name>
      </input_file>
      <input_file id="fl-39">
         <path>D:\TI\ccs\tools\compiler\ti-cgt-armllvm_3.2.2.LTS\lib\armv6m-ti-none-eabi\c\</path>
         <kind>archive</kind>
         <file>libc.a</file>
         <name>autoinit.c.obj</name>
      </input_file>
      <input_file id="fl-3a">
         <path>D:\TI\ccs\tools\compiler\ti-cgt-armllvm_3.2.2.LTS\lib\armv6m-ti-none-eabi\c\</path>
         <kind>archive</kind>
         <file>libc.a</file>
         <name>pre_init.c.obj</name>
      </input_file>
      <input_file id="fl-3b">
         <path>D:\TI\ccs\tools\compiler\ti-cgt-armllvm_3.2.2.LTS\lib\armv6m-ti-none-eabi\c\</path>
         <kind>archive</kind>
         <file>libc.a</file>
         <name>cpy_tbl.c.obj</name>
      </input_file>
      <input_file id="fl-3c">
         <path>D:\TI\ccs\tools\compiler\ti-cgt-armllvm_3.2.2.LTS\lib\armv6m-ti-none-eabi\c\</path>
         <kind>archive</kind>
         <file>libc.a</file>
         <name>copy_zero_init.c.obj</name>
      </input_file>
      <input_file id="fl-3d">
         <path>D:\TI\ccs\tools\compiler\ti-cgt-armllvm_3.2.2.LTS\lib\armv6m-ti-none-eabi\c\</path>
         <kind>archive</kind>
         <file>libc.a</file>
         <name>copy_decompress_none.c.obj</name>
      </input_file>
      <input_file id="fl-3e">
         <path>D:\TI\ccs\tools\compiler\ti-cgt-armllvm_3.2.2.LTS\lib\armv6m-ti-none-eabi\c\</path>
         <kind>archive</kind>
         <file>libc.a</file>
         <name>copy_decompress_lzss.c.obj</name>
      </input_file>
      <input_file id="fl-3f">
         <path>D:\TI\ccs\tools\compiler\ti-cgt-armllvm_3.2.2.LTS\lib\armv6m-ti-none-eabi\c\</path>
         <kind>archive</kind>
         <file>libc.a</file>
         <name>wcslen.c.obj</name>
      </input_file>
      <input_file id="fl-40">
         <path>D:\TI\ccs\tools\compiler\ti-cgt-armllvm_3.2.2.LTS\lib\armv6m-ti-none-eabi\c\</path>
         <kind>archive</kind>
         <file>libc.a</file>
         <name>fflush.c.obj</name>
      </input_file>
      <input_file id="fl-41">
         <path>D:\TI\ccs\tools\compiler\ti-cgt-armllvm_3.2.2.LTS\lib\armv6m-ti-none-eabi\c\</path>
         <kind>archive</kind>
         <file>libc.a</file>
         <name>aeabi_ctype.S.obj</name>
      </input_file>
      <input_file id="fl-42">
         <path>D:\TI\ccs\tools\compiler\ti-cgt-armllvm_3.2.2.LTS\lib\armv6m-ti-none-eabi\c\</path>
         <kind>archive</kind>
         <file>libc.a</file>
         <name>exit.c.obj</name>
      </input_file>
      <input_file id="fl-43">
         <path>D:\TI\ccs\tools\compiler\ti-cgt-armllvm_3.2.2.LTS\lib\armv6m-ti-none-eabi\c\</path>
         <kind>archive</kind>
         <file>libc.a</file>
         <name>args_main.c.obj</name>
      </input_file>
      <input_file id="fl-a9">
         <path>D:\TI\ccs\tools\compiler\ti-cgt-armllvm_3.2.2.LTS\lib\armv6m-ti-none-eabi\c\</path>
         <kind>archive</kind>
         <file>libsysbm.a</file>
         <name>write.c.obj</name>
      </input_file>
      <input_file id="fl-aa">
         <path>D:\TI\ccs\tools\compiler\ti-cgt-armllvm_3.2.2.LTS\lib\armv6m-ti-none-eabi\c\</path>
         <kind>archive</kind>
         <file>libsysbm.a</file>
         <name>host_device.c.obj</name>
      </input_file>
      <input_file id="fl-ab">
         <path>D:\TI\ccs\tools\compiler\ti-cgt-armllvm_3.2.2.LTS\lib\armv6m-ti-none-eabi\c\</path>
         <kind>archive</kind>
         <file>libsysbm.a</file>
         <name>hostclose.c.obj</name>
      </input_file>
      <input_file id="fl-ac">
         <path>D:\TI\ccs\tools\compiler\ti-cgt-armllvm_3.2.2.LTS\lib\armv6m-ti-none-eabi\c\</path>
         <kind>archive</kind>
         <file>libsysbm.a</file>
         <name>hostlseek.c.obj</name>
      </input_file>
      <input_file id="fl-ad">
         <path>D:\TI\ccs\tools\compiler\ti-cgt-armllvm_3.2.2.LTS\lib\armv6m-ti-none-eabi\c\</path>
         <kind>archive</kind>
         <file>libsysbm.a</file>
         <name>hostopen.c.obj</name>
      </input_file>
      <input_file id="fl-ae">
         <path>D:\TI\ccs\tools\compiler\ti-cgt-armllvm_3.2.2.LTS\lib\armv6m-ti-none-eabi\c\</path>
         <kind>archive</kind>
         <file>libsysbm.a</file>
         <name>hostread.c.obj</name>
      </input_file>
      <input_file id="fl-af">
         <path>D:\TI\ccs\tools\compiler\ti-cgt-armllvm_3.2.2.LTS\lib\armv6m-ti-none-eabi\c\</path>
         <kind>archive</kind>
         <file>libsysbm.a</file>
         <name>hostrename.c.obj</name>
      </input_file>
      <input_file id="fl-b0">
         <path>D:\TI\ccs\tools\compiler\ti-cgt-armllvm_3.2.2.LTS\lib\armv6m-ti-none-eabi\c\</path>
         <kind>archive</kind>
         <file>libsysbm.a</file>
         <name>hostunlink.c.obj</name>
      </input_file>
      <input_file id="fl-b1">
         <path>D:\TI\ccs\tools\compiler\ti-cgt-armllvm_3.2.2.LTS\lib\armv6m-ti-none-eabi\c\</path>
         <kind>archive</kind>
         <file>libsysbm.a</file>
         <name>hostwrite.c.obj</name>
      </input_file>
      <input_file id="fl-b2">
         <path>D:\TI\ccs\tools\compiler\ti-cgt-armllvm_3.2.2.LTS\lib\armv6m-ti-none-eabi\c\</path>
         <kind>archive</kind>
         <file>libsysbm.a</file>
         <name>trgmsg.c.obj</name>
      </input_file>
      <input_file id="fl-b3">
         <path>D:\TI\ccs\tools\compiler\ti-cgt-armllvm_3.2.2.LTS\lib\clang\15.0.7\lib\armv6m-ti-none-eabi\</path>
         <kind>archive</kind>
         <file>libclang_rt.builtins.a</file>
         <name>addsf3.S.obj</name>
      </input_file>
      <input_file id="fl-b4">
         <path>D:\TI\ccs\tools\compiler\ti-cgt-armllvm_3.2.2.LTS\lib\clang\15.0.7\lib\armv6m-ti-none-eabi\</path>
         <kind>archive</kind>
         <file>libclang_rt.builtins.a</file>
         <name>adddf3.S.obj</name>
      </input_file>
      <input_file id="fl-b5">
         <path>D:\TI\ccs\tools\compiler\ti-cgt-armllvm_3.2.2.LTS\lib\clang\15.0.7\lib\armv6m-ti-none-eabi\</path>
         <kind>archive</kind>
         <file>libclang_rt.builtins.a</file>
         <name>muldf3.S.obj</name>
      </input_file>
      <input_file id="fl-b6">
         <path>D:\TI\ccs\tools\compiler\ti-cgt-armllvm_3.2.2.LTS\lib\clang\15.0.7\lib\armv6m-ti-none-eabi\</path>
         <kind>archive</kind>
         <file>libclang_rt.builtins.a</file>
         <name>muldsi3.S.obj</name>
      </input_file>
      <input_file id="fl-b7">
         <path>D:\TI\ccs\tools\compiler\ti-cgt-armllvm_3.2.2.LTS\lib\clang\15.0.7\lib\armv6m-ti-none-eabi\</path>
         <kind>archive</kind>
         <file>libclang_rt.builtins.a</file>
         <name>mulsf3.S.obj</name>
      </input_file>
      <input_file id="fl-b8">
         <path>D:\TI\ccs\tools\compiler\ti-cgt-armllvm_3.2.2.LTS\lib\clang\15.0.7\lib\armv6m-ti-none-eabi\</path>
         <kind>archive</kind>
         <file>libclang_rt.builtins.a</file>
         <name>divsf3.S.obj</name>
      </input_file>
      <input_file id="fl-b9">
         <path>D:\TI\ccs\tools\compiler\ti-cgt-armllvm_3.2.2.LTS\lib\clang\15.0.7\lib\armv6m-ti-none-eabi\</path>
         <kind>archive</kind>
         <file>libclang_rt.builtins.a</file>
         <name>divdf3.S.obj</name>
      </input_file>
      <input_file id="fl-ba">
         <path>D:\TI\ccs\tools\compiler\ti-cgt-armllvm_3.2.2.LTS\lib\clang\15.0.7\lib\armv6m-ti-none-eabi\</path>
         <kind>archive</kind>
         <file>libclang_rt.builtins.a</file>
         <name>extendsfdf2.S.obj</name>
      </input_file>
      <input_file id="fl-bb">
         <path>D:\TI\ccs\tools\compiler\ti-cgt-armllvm_3.2.2.LTS\lib\clang\15.0.7\lib\armv6m-ti-none-eabi\</path>
         <kind>archive</kind>
         <file>libclang_rt.builtins.a</file>
         <name>fixdfsi.S.obj</name>
      </input_file>
      <input_file id="fl-bc">
         <path>D:\TI\ccs\tools\compiler\ti-cgt-armllvm_3.2.2.LTS\lib\clang\15.0.7\lib\armv6m-ti-none-eabi\</path>
         <kind>archive</kind>
         <file>libclang_rt.builtins.a</file>
         <name>fixsfsi.S.obj</name>
      </input_file>
      <input_file id="fl-bd">
         <path>D:\TI\ccs\tools\compiler\ti-cgt-armllvm_3.2.2.LTS\lib\clang\15.0.7\lib\armv6m-ti-none-eabi\</path>
         <kind>archive</kind>
         <file>libclang_rt.builtins.a</file>
         <name>floatsidf.S.obj</name>
      </input_file>
      <input_file id="fl-be">
         <path>D:\TI\ccs\tools\compiler\ti-cgt-armllvm_3.2.2.LTS\lib\clang\15.0.7\lib\armv6m-ti-none-eabi\</path>
         <kind>archive</kind>
         <file>libclang_rt.builtins.a</file>
         <name>floatsisf.S.obj</name>
      </input_file>
      <input_file id="fl-bf">
         <path>D:\TI\ccs\tools\compiler\ti-cgt-armllvm_3.2.2.LTS\lib\clang\15.0.7\lib\armv6m-ti-none-eabi\</path>
         <kind>archive</kind>
         <file>libclang_rt.builtins.a</file>
         <name>muldi3.S.obj</name>
      </input_file>
      <input_file id="fl-c0">
         <path>D:\TI\ccs\tools\compiler\ti-cgt-armllvm_3.2.2.LTS\lib\clang\15.0.7\lib\armv6m-ti-none-eabi\</path>
         <kind>archive</kind>
         <file>libclang_rt.builtins.a</file>
         <name>aeabi_dcmp.S.obj</name>
      </input_file>
      <input_file id="fl-c1">
         <path>D:\TI\ccs\tools\compiler\ti-cgt-armllvm_3.2.2.LTS\lib\clang\15.0.7\lib\armv6m-ti-none-eabi\</path>
         <kind>archive</kind>
         <file>libclang_rt.builtins.a</file>
         <name>aeabi_fcmp.S.obj</name>
      </input_file>
      <input_file id="fl-c2">
         <path>D:\TI\ccs\tools\compiler\ti-cgt-armllvm_3.2.2.LTS\lib\clang\15.0.7\lib\armv6m-ti-none-eabi\</path>
         <kind>archive</kind>
         <file>libclang_rt.builtins.a</file>
         <name>aeabi_idivmod.S.obj</name>
      </input_file>
      <input_file id="fl-c3">
         <path>D:\TI\ccs\tools\compiler\ti-cgt-armllvm_3.2.2.LTS\lib\clang\15.0.7\lib\armv6m-ti-none-eabi\</path>
         <kind>archive</kind>
         <file>libclang_rt.builtins.a</file>
         <name>aeabi_memcpy.S.obj</name>
      </input_file>
      <input_file id="fl-c4">
         <path>D:\TI\ccs\tools\compiler\ti-cgt-armllvm_3.2.2.LTS\lib\clang\15.0.7\lib\armv6m-ti-none-eabi\</path>
         <kind>archive</kind>
         <file>libclang_rt.builtins.a</file>
         <name>aeabi_memset.S.obj</name>
      </input_file>
      <input_file id="fl-c5">
         <path>D:\TI\ccs\tools\compiler\ti-cgt-armllvm_3.2.2.LTS\lib\clang\15.0.7\lib\armv6m-ti-none-eabi\</path>
         <kind>archive</kind>
         <file>libclang_rt.builtins.a</file>
         <name>aeabi_uidivmod.S.obj</name>
      </input_file>
      <input_file id="fl-c6">
         <path>D:\TI\ccs\tools\compiler\ti-cgt-armllvm_3.2.2.LTS\lib\clang\15.0.7\lib\armv6m-ti-none-eabi\</path>
         <kind>archive</kind>
         <file>libclang_rt.builtins.a</file>
         <name>aeabi_uldivmod.S.obj</name>
      </input_file>
      <input_file id="fl-c7">
         <path>D:\TI\ccs\tools\compiler\ti-cgt-armllvm_3.2.2.LTS\lib\clang\15.0.7\lib\armv6m-ti-none-eabi\</path>
         <kind>archive</kind>
         <file>libclang_rt.builtins.a</file>
         <name>comparesf2.S.obj</name>
      </input_file>
      <input_file id="fl-c8">
         <path>D:\TI\ccs\tools\compiler\ti-cgt-armllvm_3.2.2.LTS\lib\clang\15.0.7\lib\armv6m-ti-none-eabi\</path>
         <kind>archive</kind>
         <file>libclang_rt.builtins.a</file>
         <name>udivmoddi4.S.obj</name>
      </input_file>
      <input_file id="fl-c9">
         <path>D:\TI\ccs\tools\compiler\ti-cgt-armllvm_3.2.2.LTS\lib\clang\15.0.7\lib\armv6m-ti-none-eabi\</path>
         <kind>archive</kind>
         <file>libclang_rt.builtins.a</file>
         <name>ashldi3.S.obj</name>
      </input_file>
      <input_file id="fl-ca">
         <path>D:\TI\ccs\tools\compiler\ti-cgt-armllvm_3.2.2.LTS\lib\clang\15.0.7\lib\armv6m-ti-none-eabi\</path>
         <kind>archive</kind>
         <file>libclang_rt.builtins.a</file>
         <name>comparedf2.c.obj</name>
      </input_file>
      <input_file id="fl-cb">
         <path>D:\TI\ccs\tools\compiler\ti-cgt-armllvm_3.2.2.LTS\lib\clang\15.0.7\lib\armv6m-ti-none-eabi\</path>
         <kind>archive</kind>
         <file>libclang_rt.builtins.a</file>
         <name>aeabi_div0.c.obj</name>
      </input_file>
      <input_file id="fl-cc">
         <path>D:\TI\ccs\tools\compiler\ti-cgt-armllvm_3.2.2.LTS\lib\armv6m-ti-none-eabi\c\</path>
         <kind>archive</kind>
         <file>libc.a</file>
         <name>memcpy16.S.obj</name>
      </input_file>
      <input_file id="fl-cd">
         <path>D:\TI\ccs\tools\compiler\ti-cgt-armllvm_3.2.2.LTS\lib\armv6m-ti-none-eabi\c\</path>
         <kind>archive</kind>
         <file>libc.a</file>
         <name>memset16.S.obj</name>
      </input_file>
   </input_file_list>
   <object_component_list>
      <object_component id="oc-18">
         <name>.intvecs</name>
         <load_address>0x0</load_address>
         <readonly>true</readonly>
         <run_address>0x0</run_address>
         <size>0xc0</size>
         <alignment>0x4</alignment>
         <input_file_ref idref="fl-3"/>
      </object_component>
      <object_component id="oc-206">
         <name>.text:__TI_printfi</name>
         <load_address>0xc0</load_address>
         <readonly>true</readonly>
         <executable>true</executable>
         <run_address>0xc0</run_address>
         <size>0xa00</size>
         <alignment>0x4</alignment>
         <input_file_ref idref="fl-2a"/>
      </object_component>
      <object_component id="oc-12c">
         <name>.text.Problem4</name>
         <load_address>0xac0</load_address>
         <readonly>true</readonly>
         <executable>true</executable>
         <run_address>0xac0</run_address>
         <size>0x438</size>
         <alignment>0x4</alignment>
         <input_file_ref idref="fl-1"/>
      </object_component>
      <object_component id="oc-12b">
         <name>.text.Problem3</name>
         <load_address>0xef8</load_address>
         <readonly>true</readonly>
         <executable>true</executable>
         <run_address>0xef8</run_address>
         <size>0x324</size>
         <alignment>0x4</alignment>
         <input_file_ref idref="fl-1"/>
      </object_component>
      <object_component id="oc-39">
         <name>.text.UART1_IRQHandler</name>
         <load_address>0x121c</load_address>
         <readonly>true</readonly>
         <executable>true</executable>
         <run_address>0x121c</run_address>
         <size>0x2ec</size>
         <alignment>0x4</alignment>
         <input_file_ref idref="fl-1"/>
      </object_component>
      <object_component id="oc-3b">
         <name>.text.TIMA1_IRQHandler</name>
         <load_address>0x1508</load_address>
         <readonly>true</readonly>
         <executable>true</executable>
         <run_address>0x1508</run_address>
         <size>0x2d0</size>
         <alignment>0x4</alignment>
         <input_file_ref idref="fl-1"/>
      </object_component>
      <object_component id="oc-249">
         <name>.text._pconv_a</name>
         <load_address>0x17d8</load_address>
         <readonly>true</readonly>
         <executable>true</executable>
         <run_address>0x17d8</run_address>
         <size>0x220</size>
         <alignment>0x4</alignment>
         <input_file_ref idref="fl-2a"/>
      </object_component>
      <object_component id="oc-c7">
         <name>.text.main</name>
         <load_address>0x19f8</load_address>
         <readonly>true</readonly>
         <executable>true</executable>
         <run_address>0x19f8</run_address>
         <size>0x1fc</size>
         <alignment>0x4</alignment>
         <input_file_ref idref="fl-1"/>
      </object_component>
      <object_component id="oc-24c">
         <name>.text._pconv_g</name>
         <load_address>0x1bf4</load_address>
         <readonly>true</readonly>
         <executable>true</executable>
         <run_address>0x1bf4</run_address>
         <size>0x1dc</size>
         <alignment>0x4</alignment>
         <input_file_ref idref="fl-2a"/>
      </object_component>
      <object_component id="oc-179">
         <name>.text.adddf3_subdf3</name>
         <load_address>0x1dd0</load_address>
         <readonly>true</readonly>
         <executable>true</executable>
         <run_address>0x1dd0</run_address>
         <size>0x192</size>
         <alignment>0x4</alignment>
         <input_file_ref idref="fl-b4"/>
      </object_component>
      <object_component id="oc-3a">
         <name>.text.UART0_IRQHandler</name>
         <load_address>0x1f62</load_address>
         <readonly>true</readonly>
         <executable>true</executable>
         <run_address>0x1f62</run_address>
         <size>0x2</size>
         <alignment>0x2</alignment>
         <input_file_ref idref="fl-1"/>
      </object_component>
      <object_component id="oc-187">
         <name>.text.SYSCFG_DL_GPIO_init</name>
         <load_address>0x1f64</load_address>
         <readonly>true</readonly>
         <executable>true</executable>
         <run_address>0x1f64</run_address>
         <size>0x154</size>
         <alignment>0x4</alignment>
         <input_file_ref idref="fl-2"/>
      </object_component>
      <object_component id="oc-12a">
         <name>.text.Problem2</name>
         <load_address>0x20b8</load_address>
         <readonly>true</readonly>
         <executable>true</executable>
         <run_address>0x20b8</run_address>
         <size>0x144</size>
         <alignment>0x4</alignment>
         <input_file_ref idref="fl-1"/>
      </object_component>
      <object_component id="oc-289">
         <name>.text.fcvt</name>
         <load_address>0x21fc</load_address>
         <readonly>true</readonly>
         <executable>true</executable>
         <run_address>0x21fc</run_address>
         <size>0x13c</size>
         <alignment>0x4</alignment>
         <input_file_ref idref="fl-2a"/>
      </object_component>
      <object_component id="oc-124">
         <name>.text.KEY_Scan</name>
         <load_address>0x2338</load_address>
         <readonly>true</readonly>
         <executable>true</executable>
         <run_address>0x2338</run_address>
         <size>0x12c</size>
         <alignment>0x4</alignment>
         <input_file_ref idref="fl-7"/>
      </object_component>
      <object_component id="oc-34">
         <name>.text.GROUP1_IRQHandler</name>
         <load_address>0x2464</load_address>
         <readonly>true</readonly>
         <executable>true</executable>
         <run_address>0x2464</run_address>
         <size>0x128</size>
         <alignment>0x4</alignment>
         <input_file_ref idref="fl-1"/>
      </object_component>
      <object_component id="oc-ea">
         <name>.text.PID_Speed_A</name>
         <load_address>0x258c</load_address>
         <readonly>true</readonly>
         <executable>true</executable>
         <run_address>0x258c</run_address>
         <size>0x124</size>
         <alignment>0x4</alignment>
         <input_file_ref idref="fl-a"/>
      </object_component>
      <object_component id="oc-eb">
         <name>.text.PID_Speed_B</name>
         <load_address>0x26b0</load_address>
         <readonly>true</readonly>
         <executable>true</executable>
         <run_address>0x26b0</run_address>
         <size>0x124</size>
         <alignment>0x4</alignment>
         <input_file_ref idref="fl-a"/>
      </object_component>
      <object_component id="oc-24a">
         <name>.text._pconv_e</name>
         <load_address>0x27d4</load_address>
         <readonly>true</readonly>
         <executable>true</executable>
         <run_address>0x27d4</run_address>
         <size>0x120</size>
         <alignment>0x4</alignment>
         <input_file_ref idref="fl-2a"/>
      </object_component>
      <object_component id="oc-f1">
         <name>.text.PID_Gray</name>
         <load_address>0x28f4</load_address>
         <readonly>true</readonly>
         <executable>true</executable>
         <run_address>0x28f4</run_address>
         <size>0x11c</size>
         <alignment>0x4</alignment>
         <input_file_ref idref="fl-a"/>
      </object_component>
      <object_component id="oc-285">
         <name>.text.__divdf3</name>
         <load_address>0x2a10</load_address>
         <readonly>true</readonly>
         <executable>true</executable>
         <run_address>0x2a10</run_address>
         <size>0x10c</size>
         <alignment>0x4</alignment>
         <input_file_ref idref="fl-b9"/>
      </object_component>
      <object_component id="oc-ec">
         <name>.text.Motor_Set</name>
         <load_address>0x2b1c</load_address>
         <readonly>true</readonly>
         <executable>true</executable>
         <run_address>0x2b1c</run_address>
         <size>0x108</size>
         <alignment>0x4</alignment>
         <input_file_ref idref="fl-8"/>
      </object_component>
      <object_component id="oc-8e">
         <name>.text.xunji</name>
         <load_address>0x2c24</load_address>
         <readonly>true</readonly>
         <executable>true</executable>
         <run_address>0x2c24</run_address>
         <size>0x108</size>
         <alignment>0x4</alignment>
         <input_file_ref idref="fl-6"/>
      </object_component>
      <object_component id="oc-1a1">
         <name>.text.OLED_ShowChar</name>
         <load_address>0x2d2c</load_address>
         <readonly>true</readonly>
         <executable>true</executable>
         <run_address>0x2d2c</run_address>
         <size>0x104</size>
         <alignment>0x4</alignment>
         <input_file_ref idref="fl-9"/>
      </object_component>
      <object_component id="oc-114">
         <name>.text.OLED_Init</name>
         <load_address>0x2e30</load_address>
         <readonly>true</readonly>
         <executable>true</executable>
         <run_address>0x2e30</run_address>
         <size>0xfa</size>
         <alignment>0x2</alignment>
         <input_file_ref idref="fl-9"/>
      </object_component>
      <object_component id="oc-24d">
         <name>.text.__aeabi_idiv0</name>
         <load_address>0x2f2a</load_address>
         <readonly>true</readonly>
         <executable>true</executable>
         <run_address>0x2f2a</run_address>
         <size>0x2</size>
         <alignment>0x2</alignment>
         <input_file_ref idref="fl-cb"/>
      </object_component>
      <object_component id="oc-9d">
         <name>.text.Car_PD_Angle</name>
         <load_address>0x2f2c</load_address>
         <readonly>true</readonly>
         <executable>true</executable>
         <run_address>0x2f2c</run_address>
         <size>0xf8</size>
         <alignment>0x4</alignment>
         <input_file_ref idref="fl-a"/>
      </object_component>
      <object_component id="oc-98">
         <name>.text.Car_PID_GRAY</name>
         <load_address>0x3024</load_address>
         <readonly>true</readonly>
         <executable>true</executable>
         <run_address>0x3024</run_address>
         <size>0xe8</size>
         <alignment>0x4</alignment>
         <input_file_ref idref="fl-a"/>
      </object_component>
      <object_component id="oc-1e4">
         <name>.text.DL_Timer_initTimerMode</name>
         <load_address>0x310c</load_address>
         <readonly>true</readonly>
         <executable>true</executable>
         <run_address>0x310c</run_address>
         <size>0xe8</size>
         <alignment>0x4</alignment>
         <input_file_ref idref="fl-19"/>
      </object_component>
      <object_component id="oc-f6">
         <name>.text.__muldf3</name>
         <load_address>0x31f4</load_address>
         <readonly>true</readonly>
         <executable>true</executable>
         <run_address>0x31f4</run_address>
         <size>0xe4</size>
         <alignment>0x4</alignment>
         <input_file_ref idref="fl-b5"/>
      </object_component>
      <object_component id="oc-277">
         <name>.text.scalbn</name>
         <load_address>0x32d8</load_address>
         <readonly>true</readonly>
         <executable>true</executable>
         <run_address>0x32d8</run_address>
         <size>0xd8</size>
         <alignment>0x4</alignment>
         <input_file_ref idref="fl-2d"/>
      </object_component>
      <object_component id="oc-79">
         <name>.text</name>
         <load_address>0x33b0</load_address>
         <readonly>true</readonly>
         <executable>true</executable>
         <run_address>0x33b0</run_address>
         <size>0xd8</size>
         <alignment>0x4</alignment>
         <input_file_ref idref="fl-b3"/>
      </object_component>
      <object_component id="oc-97">
         <name>.text.Car_PID_Ctrl_Speed</name>
         <load_address>0x3488</load_address>
         <readonly>true</readonly>
         <executable>true</executable>
         <run_address>0x3488</run_address>
         <size>0xd4</size>
         <alignment>0x4</alignment>
         <input_file_ref idref="fl-a"/>
      </object_component>
      <object_component id="oc-101">
         <name>.text.PD_Angle</name>
         <load_address>0x355c</load_address>
         <readonly>true</readonly>
         <executable>true</executable>
         <run_address>0x355c</run_address>
         <size>0xd0</size>
         <alignment>0x4</alignment>
         <input_file_ref idref="fl-a"/>
      </object_component>
      <object_component id="oc-221">
         <name>.text.DL_Timer_initPWMMode</name>
         <load_address>0x362c</load_address>
         <readonly>true</readonly>
         <executable>true</executable>
         <run_address>0x362c</run_address>
         <size>0xc4</size>
         <alignment>0x4</alignment>
         <input_file_ref idref="fl-19"/>
      </object_component>
      <object_component id="oc-93">
         <name>.text.Car_PID_Ctrl_Speed_single</name>
         <load_address>0x36f0</load_address>
         <readonly>true</readonly>
         <executable>true</executable>
         <run_address>0x36f0</run_address>
         <size>0xbc</size>
         <alignment>0x4</alignment>
         <input_file_ref idref="fl-a"/>
      </object_component>
      <object_component id="oc-129">
         <name>.text.Problem1</name>
         <load_address>0x37ac</load_address>
         <readonly>true</readonly>
         <executable>true</executable>
         <run_address>0x37ac</run_address>
         <size>0xac</size>
         <alignment>0x4</alignment>
         <input_file_ref idref="fl-1"/>
      </object_component>
      <object_component id="oc-266">
         <name>.text</name>
         <load_address>0x3858</load_address>
         <readonly>true</readonly>
         <executable>true</executable>
         <run_address>0x3858</run_address>
         <size>0xa2</size>
         <alignment>0x4</alignment>
         <input_file_ref idref="fl-c8"/>
      </object_component>
      <object_component id="oc-290">
         <name>.text.__aeabi_ldiv0</name>
         <load_address>0x38fa</load_address>
         <readonly>true</readonly>
         <executable>true</executable>
         <run_address>0x38fa</run_address>
         <size>0x2</size>
         <alignment>0x2</alignment>
         <input_file_ref idref="fl-cb"/>
      </object_component>
      <object_component id="oc-1a7">
         <name>.text.Serial_JY61P_Zero_Yaw</name>
         <load_address>0x38fc</load_address>
         <readonly>true</readonly>
         <executable>true</executable>
         <run_address>0x38fc</run_address>
         <size>0x9c</size>
         <alignment>0x4</alignment>
         <input_file_ref idref="fl-5"/>
      </object_component>
      <object_component id="oc-186">
         <name>.text.SYSCFG_DL_initPower</name>
         <load_address>0x3998</load_address>
         <readonly>true</readonly>
         <executable>true</executable>
         <run_address>0x3998</run_address>
         <size>0x8c</size>
         <alignment>0x4</alignment>
         <input_file_ref idref="fl-2"/>
      </object_component>
      <object_component id="oc-71">
         <name>.text.__mulsf3</name>
         <load_address>0x3a24</load_address>
         <readonly>true</readonly>
         <executable>true</executable>
         <run_address>0x3a24</run_address>
         <size>0x8c</size>
         <alignment>0x4</alignment>
         <input_file_ref idref="fl-b7"/>
      </object_component>
      <object_component id="oc-1db">
         <name>.text.__NVIC_SetPriority</name>
         <load_address>0x3ab0</load_address>
         <readonly>true</readonly>
         <executable>true</executable>
         <run_address>0x3ab0</run_address>
         <size>0x84</size>
         <alignment>0x4</alignment>
         <input_file_ref idref="fl-2"/>
      </object_component>
      <object_component id="oc-6d">
         <name>.text.__divsf3</name>
         <load_address>0x3b34</load_address>
         <readonly>true</readonly>
         <executable>true</executable>
         <run_address>0x3b34</run_address>
         <size>0x82</size>
         <alignment>0x4</alignment>
         <input_file_ref idref="fl-b8"/>
      </object_component>
      <object_component id="oc-20f">
         <name>.text._nop</name>
         <load_address>0x3bb6</load_address>
         <readonly>true</readonly>
         <executable>true</executable>
         <run_address>0x3bb6</run_address>
         <size>0x2</size>
         <alignment>0x2</alignment>
         <input_file_ref idref="fl-2f"/>
      </object_component>
      <object_component id="oc-1dd">
         <name>.text.DL_TimerA_initPWMMode</name>
         <load_address>0x3bb8</load_address>
         <readonly>true</readonly>
         <executable>true</executable>
         <run_address>0x3bb8</run_address>
         <size>0x80</size>
         <alignment>0x4</alignment>
         <input_file_ref idref="fl-19"/>
      </object_component>
      <object_component id="oc-189">
         <name>.text.SYSCFG_DL_MOTOR_PWM_init</name>
         <load_address>0x3c38</load_address>
         <readonly>true</readonly>
         <executable>true</executable>
         <run_address>0x3c38</run_address>
         <size>0x80</size>
         <alignment>0x4</alignment>
         <input_file_ref idref="fl-2"/>
      </object_component>
      <object_component id="oc-1fc">
         <name>.text.Send_Byte</name>
         <load_address>0x3cb8</load_address>
         <readonly>true</readonly>
         <executable>true</executable>
         <run_address>0x3cb8</run_address>
         <size>0x7c</size>
         <alignment>0x4</alignment>
         <input_file_ref idref="fl-9"/>
      </object_component>
      <object_component id="oc-1c">
         <name>.text:decompress:lzss</name>
         <load_address>0x3d34</load_address>
         <readonly>true</readonly>
         <executable>true</executable>
         <run_address>0x3d34</run_address>
         <size>0x78</size>
         <alignment>0x4</alignment>
         <input_file_ref idref="fl-3e"/>
      </object_component>
      <object_component id="oc-11f">
         <name>.text.OLED_ShowString</name>
         <load_address>0x3dac</load_address>
         <readonly>true</readonly>
         <executable>true</executable>
         <run_address>0x3dac</run_address>
         <size>0x70</size>
         <alignment>0x2</alignment>
         <input_file_ref idref="fl-9"/>
      </object_component>
      <object_component id="oc-271">
         <name>.text.__gedf2</name>
         <load_address>0x3e1c</load_address>
         <readonly>true</readonly>
         <executable>true</executable>
         <run_address>0x3e1c</run_address>
         <size>0x70</size>
         <alignment>0x4</alignment>
         <input_file_ref idref="fl-ca"/>
      </object_component>
      <object_component id="oc-26b">
         <name>.text.__ledf2</name>
         <load_address>0x3e8c</load_address>
         <readonly>true</readonly>
         <executable>true</executable>
         <run_address>0x3e8c</run_address>
         <size>0x6c</size>
         <alignment>0x4</alignment>
         <input_file_ref idref="fl-ca"/>
      </object_component>
      <object_component id="oc-199">
         <name>.text.OLED_Clear</name>
         <load_address>0x3ef8</load_address>
         <readonly>true</readonly>
         <executable>true</executable>
         <run_address>0x3ef8</run_address>
         <size>0x6a</size>
         <alignment>0x2</alignment>
         <input_file_ref idref="fl-9"/>
      </object_component>
      <object_component id="oc-283">
         <name>.text._mcpy</name>
         <load_address>0x3f62</load_address>
         <readonly>true</readonly>
         <executable>true</executable>
         <run_address>0x3f62</run_address>
         <size>0x66</size>
         <alignment>0x2</alignment>
         <input_file_ref idref="fl-2a"/>
      </object_component>
      <object_component id="oc-245">
         <name>.text.__aeabi_dcmp</name>
         <load_address>0x3fc8</load_address>
         <readonly>true</readonly>
         <executable>true</executable>
         <run_address>0x3fc8</run_address>
         <size>0x62</size>
         <alignment>0x4</alignment>
         <input_file_ref idref="fl-c0"/>
      </object_component>
      <object_component id="oc-75">
         <name>.text.__aeabi_fcmp</name>
         <load_address>0x402c</load_address>
         <readonly>true</readonly>
         <executable>true</executable>
         <run_address>0x402c</run_address>
         <size>0x62</size>
         <alignment>0x4</alignment>
         <input_file_ref idref="fl-c1"/>
      </object_component>
      <object_component id="oc-273">
         <name>.text.frexp</name>
         <load_address>0x4090</load_address>
         <readonly>true</readonly>
         <executable>true</executable>
         <run_address>0x4090</run_address>
         <size>0x5c</size>
         <alignment>0x4</alignment>
         <input_file_ref idref="fl-2c"/>
      </object_component>
      <object_component id="oc-12d">
         <name>.text.printf</name>
         <load_address>0x40ec</load_address>
         <readonly>true</readonly>
         <executable>true</executable>
         <run_address>0x40ec</run_address>
         <size>0x5c</size>
         <alignment>0x4</alignment>
         <input_file_ref idref="fl-29"/>
      </object_component>
      <object_component id="oc-27b">
         <name>.text.__TI_ltoa</name>
         <load_address>0x4148</load_address>
         <readonly>true</readonly>
         <executable>true</executable>
         <run_address>0x4148</run_address>
         <size>0x58</size>
         <alignment>0x2</alignment>
         <input_file_ref idref="fl-30"/>
      </object_component>
      <object_component id="oc-24b">
         <name>.text._pconv_f</name>
         <load_address>0x41a0</load_address>
         <readonly>true</readonly>
         <executable>true</executable>
         <run_address>0x41a0</run_address>
         <size>0x58</size>
         <alignment>0x2</alignment>
         <input_file_ref idref="fl-2a"/>
      </object_component>
      <object_component id="oc-29e">
         <name>.text.__aeabi_idivmod</name>
         <load_address>0x41f8</load_address>
         <readonly>true</readonly>
         <executable>true</executable>
         <run_address>0x41f8</run_address>
         <size>0x56</size>
         <alignment>0x4</alignment>
         <input_file_ref idref="fl-c2"/>
      </object_component>
      <object_component id="oc-281">
         <name>.text._ecpy</name>
         <load_address>0x424e</load_address>
         <readonly>true</readonly>
         <executable>true</executable>
         <run_address>0x424e</run_address>
         <size>0x52</size>
         <alignment>0x2</alignment>
         <input_file_ref idref="fl-2a"/>
      </object_component>
      <object_component id="oc-218">
         <name>.text.fputs</name>
         <load_address>0x42a0</load_address>
         <readonly>true</readonly>
         <executable>true</executable>
         <run_address>0x42a0</run_address>
         <size>0x50</size>
         <alignment>0x4</alignment>
         <input_file_ref idref="fl-1"/>
      </object_component>
      <object_component id="oc-198">
         <name>.text.OLED_WR_Byte</name>
         <load_address>0x42f0</load_address>
         <readonly>true</readonly>
         <executable>true</executable>
         <run_address>0x42f0</run_address>
         <size>0x4e</size>
         <alignment>0x2</alignment>
         <input_file_ref idref="fl-9"/>
      </object_component>
      <object_component id="oc-1f2">
         <name>.text.DL_UART_setBaudRateDivisor</name>
         <load_address>0x4340</load_address>
         <readonly>true</readonly>
         <executable>true</executable>
         <run_address>0x4340</run_address>
         <size>0x4c</size>
         <alignment>0x4</alignment>
         <input_file_ref idref="fl-2"/>
      </object_component>
      <object_component id="oc-fa">
         <name>.text.__fixdfsi</name>
         <load_address>0x438c</load_address>
         <readonly>true</readonly>
         <executable>true</executable>
         <run_address>0x438c</run_address>
         <size>0x4a</size>
         <alignment>0x4</alignment>
         <input_file_ref idref="fl-bb"/>
      </object_component>
      <object_component id="oc-1f0">
         <name>.text.DL_UART_init</name>
         <load_address>0x43d8</load_address>
         <readonly>true</readonly>
         <executable>true</executable>
         <run_address>0x43d8</run_address>
         <size>0x48</size>
         <alignment>0x4</alignment>
         <input_file_ref idref="fl-1a"/>
      </object_component>
      <object_component id="oc-18c">
         <name>.text.SYSCFG_DL_UART_0_init</name>
         <load_address>0x4420</load_address>
         <readonly>true</readonly>
         <executable>true</executable>
         <run_address>0x4420</run_address>
         <size>0x48</size>
         <alignment>0x4</alignment>
         <input_file_ref idref="fl-2"/>
      </object_component>
      <object_component id="oc-18d">
         <name>.text.SYSCFG_DL_UART_JY61P_init</name>
         <load_address>0x4468</load_address>
         <readonly>true</readonly>
         <executable>true</executable>
         <run_address>0x4468</run_address>
         <size>0x48</size>
         <alignment>0x4</alignment>
         <input_file_ref idref="fl-2"/>
      </object_component>
      <object_component id="oc-10c">
         <name>.text.SYSCFG_DL_init</name>
         <load_address>0x44b0</load_address>
         <readonly>true</readonly>
         <executable>true</executable>
         <run_address>0x44b0</run_address>
         <size>0x44</size>
         <alignment>0x4</alignment>
         <input_file_ref idref="fl-2"/>
      </object_component>
      <object_component id="oc-208">
         <name>.text.__aeabi_uidivmod</name>
         <load_address>0x44f4</load_address>
         <readonly>true</readonly>
         <executable>true</executable>
         <run_address>0x44f4</run_address>
         <size>0x40</size>
         <alignment>0x4</alignment>
         <input_file_ref idref="fl-c5"/>
      </object_component>
      <object_component id="oc-120">
         <name>.text.__extendsfdf2</name>
         <load_address>0x4534</load_address>
         <readonly>true</readonly>
         <executable>true</executable>
         <run_address>0x4534</run_address>
         <size>0x40</size>
         <alignment>0x4</alignment>
         <input_file_ref idref="fl-ba"/>
      </object_component>
      <object_component id="oc-22f">
         <name>.text.atoi</name>
         <load_address>0x4574</load_address>
         <readonly>true</readonly>
         <executable>true</executable>
         <run_address>0x4574</run_address>
         <size>0x40</size>
         <alignment>0x4</alignment>
         <input_file_ref idref="fl-32"/>
      </object_component>
      <object_component id="oc-207">
         <name>.text.OLED_Set_Pos</name>
         <load_address>0x45b4</load_address>
         <readonly>true</readonly>
         <executable>true</executable>
         <run_address>0x45b4</run_address>
         <size>0x3c</size>
         <alignment>0x2</alignment>
         <input_file_ref idref="fl-9"/>
      </object_component>
      <object_component id="oc-18a">
         <name>.text.SYSCFG_DL_TIMER_0_init</name>
         <load_address>0x45f0</load_address>
         <readonly>true</readonly>
         <executable>true</executable>
         <run_address>0x45f0</run_address>
         <size>0x3c</size>
         <alignment>0x4</alignment>
         <input_file_ref idref="fl-2"/>
      </object_component>
      <object_component id="oc-69">
         <name>.text.__floatsisf</name>
         <load_address>0x462c</load_address>
         <readonly>true</readonly>
         <executable>true</executable>
         <run_address>0x462c</run_address>
         <size>0x3c</size>
         <alignment>0x4</alignment>
         <input_file_ref idref="fl-be"/>
      </object_component>
      <object_component id="oc-e0">
         <name>.text.__gtsf2</name>
         <load_address>0x4668</load_address>
         <readonly>true</readonly>
         <executable>true</executable>
         <run_address>0x4668</run_address>
         <size>0x3c</size>
         <alignment>0x4</alignment>
         <input_file_ref idref="fl-c7"/>
      </object_component>
      <object_component id="oc-143">
         <name>.text:__TI_auto_init_nobinit_nopinit</name>
         <load_address>0x46a4</load_address>
         <readonly>true</readonly>
         <executable>true</executable>
         <run_address>0x46a4</run_address>
         <size>0x3c</size>
         <alignment>0x4</alignment>
         <input_file_ref idref="fl-39"/>
      </object_component>
      <object_component id="oc-db">
         <name>.text.__eqsf2</name>
         <load_address>0x46e0</load_address>
         <readonly>true</readonly>
         <executable>true</executable>
         <run_address>0x46e0</run_address>
         <size>0x3a</size>
         <alignment>0x4</alignment>
         <input_file_ref idref="fl-c7"/>
      </object_component>
      <object_component id="oc-d6">
         <name>.text.__muldsi3</name>
         <load_address>0x471c</load_address>
         <readonly>true</readonly>
         <executable>true</executable>
         <run_address>0x471c</run_address>
         <size>0x3a</size>
         <alignment>0x4</alignment>
         <input_file_ref idref="fl-b6"/>
      </object_component>
      <object_component id="oc-1fb">
         <name>.text.I2C_Start</name>
         <load_address>0x4758</load_address>
         <readonly>true</readonly>
         <executable>true</executable>
         <run_address>0x4758</run_address>
         <size>0x38</size>
         <alignment>0x4</alignment>
         <input_file_ref idref="fl-9"/>
      </object_component>
      <object_component id="oc-99">
         <name>.text.__fixsfsi</name>
         <load_address>0x4790</load_address>
         <readonly>true</readonly>
         <executable>true</executable>
         <run_address>0x4790</run_address>
         <size>0x38</size>
         <alignment>0x4</alignment>
         <input_file_ref idref="fl-bc"/>
      </object_component>
      <object_component id="oc-119">
         <name>.text.sprintf</name>
         <load_address>0x47c8</load_address>
         <readonly>true</readonly>
         <executable>true</executable>
         <run_address>0x47c8</run_address>
         <size>0x38</size>
         <alignment>0x4</alignment>
         <input_file_ref idref="fl-2b"/>
      </object_component>
      <object_component id="oc-1ce">
         <name>.text.DL_GPIO_initDigitalInputFeatures</name>
         <load_address>0x4800</load_address>
         <readonly>true</readonly>
         <executable>true</executable>
         <run_address>0x4800</run_address>
         <size>0x34</size>
         <alignment>0x4</alignment>
         <input_file_ref idref="fl-2"/>
      </object_component>
      <object_component id="oc-18b">
         <name>.text.SYSCFG_DL_TIMER_Encoder_init</name>
         <load_address>0x4834</load_address>
         <readonly>true</readonly>
         <executable>true</executable>
         <run_address>0x4834</run_address>
         <size>0x34</size>
         <alignment>0x4</alignment>
         <input_file_ref idref="fl-2"/>
      </object_component>
      <object_component id="oc-188">
         <name>.text.SYSCFG_DL_SYSCTL_init</name>
         <load_address>0x4868</load_address>
         <readonly>true</readonly>
         <executable>true</executable>
         <run_address>0x4868</run_address>
         <size>0x32</size>
         <alignment>0x2</alignment>
         <input_file_ref idref="fl-2"/>
      </object_component>
      <object_component id="oc-1cf">
         <name>.text.DL_GPIO_initDigitalOutputFeatures</name>
         <load_address>0x489c</load_address>
         <readonly>true</readonly>
         <executable>true</executable>
         <run_address>0x489c</run_address>
         <size>0x30</size>
         <alignment>0x4</alignment>
         <input_file_ref idref="fl-2"/>
      </object_component>
      <object_component id="oc-1fe">
         <name>.text.I2C_Stop</name>
         <load_address>0x48cc</load_address>
         <readonly>true</readonly>
         <executable>true</executable>
         <run_address>0x48cc</run_address>
         <size>0x30</size>
         <alignment>0x4</alignment>
         <input_file_ref idref="fl-9"/>
      </object_component>
      <object_component id="oc-1fd">
         <name>.text.I2C_WaitAck</name>
         <load_address>0x48fc</load_address>
         <readonly>true</readonly>
         <executable>true</executable>
         <run_address>0x48fc</run_address>
         <size>0x30</size>
         <alignment>0x4</alignment>
         <input_file_ref idref="fl-9"/>
      </object_component>
      <object_component id="oc-282">
         <name>.text._fcpy</name>
         <load_address>0x492c</load_address>
         <readonly>true</readonly>
         <executable>true</executable>
         <run_address>0x492c</run_address>
         <size>0x30</size>
         <alignment>0x2</alignment>
         <input_file_ref idref="fl-2a"/>
      </object_component>
      <object_component id="oc-113">
         <name>.text.__NVIC_ClearPendingIRQ</name>
         <load_address>0x495c</load_address>
         <readonly>true</readonly>
         <executable>true</executable>
         <run_address>0x495c</run_address>
         <size>0x2c</size>
         <alignment>0x4</alignment>
         <input_file_ref idref="fl-1"/>
      </object_component>
      <object_component id="oc-111">
         <name>.text.__NVIC_EnableIRQ</name>
         <load_address>0x4988</load_address>
         <readonly>true</readonly>
         <executable>true</executable>
         <run_address>0x4988</run_address>
         <size>0x2c</size>
         <alignment>0x4</alignment>
         <input_file_ref idref="fl-1"/>
      </object_component>
      <object_component id="oc-f2">
         <name>.text.__floatsidf</name>
         <load_address>0x49b4</load_address>
         <readonly>true</readonly>
         <executable>true</executable>
         <run_address>0x49b4</run_address>
         <size>0x2c</size>
         <alignment>0x4</alignment>
         <input_file_ref idref="fl-bd"/>
      </object_component>
      <object_component id="oc-220">
         <name>.text.DL_Common_updateReg</name>
         <load_address>0x49e0</load_address>
         <readonly>true</readonly>
         <executable>true</executable>
         <run_address>0x49e0</run_address>
         <size>0x28</size>
         <alignment>0x2</alignment>
         <input_file_ref idref="fl-2"/>
      </object_component>
      <object_component id="oc-57">
         <name>.text:_c_int00_noargs</name>
         <load_address>0x4a08</load_address>
         <readonly>true</readonly>
         <executable>true</executable>
         <run_address>0x4a08</run_address>
         <size>0x28</size>
         <alignment>0x4</alignment>
         <input_file_ref idref="fl-37"/>
      </object_component>
      <object_component id="oc-23c">
         <name>.text.__muldi3</name>
         <load_address>0x4a30</load_address>
         <readonly>true</readonly>
         <executable>true</executable>
         <run_address>0x4a30</run_address>
         <size>0x24</size>
         <alignment>0x4</alignment>
         <input_file_ref idref="fl-bf"/>
      </object_component>
      <object_component id="oc-193">
         <name>.text.delay_ms</name>
         <load_address>0x4a54</load_address>
         <readonly>true</readonly>
         <executable>true</executable>
         <run_address>0x4a54</run_address>
         <size>0x22</size>
         <alignment>0x2</alignment>
         <input_file_ref idref="fl-4"/>
      </object_component>
      <object_component id="oc-228">
         <name>.text.memccpy</name>
         <load_address>0x4a76</load_address>
         <readonly>true</readonly>
         <executable>true</executable>
         <run_address>0x4a76</run_address>
         <size>0x22</size>
         <alignment>0x2</alignment>
         <input_file_ref idref="fl-34"/>
      </object_component>
      <object_component id="oc-1cc">
         <name>.text.DL_GPIO_initPeripheralInputFunction</name>
         <load_address>0x4a98</load_address>
         <readonly>true</readonly>
         <executable>true</executable>
         <run_address>0x4a98</run_address>
         <size>0x20</size>
         <alignment>0x4</alignment>
         <input_file_ref idref="fl-2"/>
      </object_component>
      <object_component id="oc-20e">
         <name>.text.DL_UART_transmitDataBlocking</name>
         <load_address>0x4ab8</load_address>
         <readonly>true</readonly>
         <executable>true</executable>
         <run_address>0x4ab8</run_address>
         <size>0x20</size>
         <alignment>0x4</alignment>
         <input_file_ref idref="fl-1a"/>
      </object_component>
      <object_component id="oc-1f1">
         <name>.text.DL_UART_setOversampling</name>
         <load_address>0x4ad8</load_address>
         <readonly>true</readonly>
         <executable>true</executable>
         <run_address>0x4ad8</run_address>
         <size>0x1e</size>
         <alignment>0x2</alignment>
         <input_file_ref idref="fl-2"/>
      </object_component>
      <object_component id="oc-291">
         <name>.text.__ashldi3</name>
         <load_address>0x4af8</load_address>
         <readonly>true</readonly>
         <executable>true</executable>
         <run_address>0x4af8</run_address>
         <size>0x1e</size>
         <alignment>0x4</alignment>
         <input_file_ref idref="fl-c9"/>
      </object_component>
      <object_component id="oc-61">
         <name>.text.DL_GPIO_clearInterruptStatus</name>
         <load_address>0x4b18</load_address>
         <readonly>true</readonly>
         <executable>true</executable>
         <run_address>0x4b18</run_address>
         <size>0x1c</size>
         <alignment>0x4</alignment>
         <input_file_ref idref="fl-1"/>
      </object_component>
      <object_component id="oc-1d3">
         <name>.text.DL_GPIO_clearInterruptStatus</name>
         <load_address>0x4b34</load_address>
         <readonly>true</readonly>
         <executable>true</executable>
         <run_address>0x4b34</run_address>
         <size>0x1c</size>
         <alignment>0x4</alignment>
         <input_file_ref idref="fl-2"/>
      </object_component>
      <object_component id="oc-1d4">
         <name>.text.DL_GPIO_enableInterrupt</name>
         <load_address>0x4b50</load_address>
         <readonly>true</readonly>
         <executable>true</executable>
         <run_address>0x4b50</run_address>
         <size>0x1c</size>
         <alignment>0x4</alignment>
         <input_file_ref idref="fl-2"/>
      </object_component>
      <object_component id="oc-1d0">
         <name>.text.DL_GPIO_initDigitalInput</name>
         <load_address>0x4b6c</load_address>
         <readonly>true</readonly>
         <executable>true</executable>
         <run_address>0x4b6c</run_address>
         <size>0x1c</size>
         <alignment>0x4</alignment>
         <input_file_ref idref="fl-2"/>
      </object_component>
      <object_component id="oc-1ca">
         <name>.text.DL_GPIO_initPeripheralOutputFunction</name>
         <load_address>0x4b88</load_address>
         <readonly>true</readonly>
         <executable>true</executable>
         <run_address>0x4b88</run_address>
         <size>0x1c</size>
         <alignment>0x4</alignment>
         <input_file_ref idref="fl-2"/>
      </object_component>
      <object_component id="oc-1da">
         <name>.text.DL_SYSCTL_setMCLKDivider</name>
         <load_address>0x4ba4</load_address>
         <readonly>true</readonly>
         <executable>true</executable>
         <run_address>0x4ba4</run_address>
         <size>0x1c</size>
         <alignment>0x4</alignment>
         <input_file_ref idref="fl-2"/>
      </object_component>
      <object_component id="oc-1d6">
         <name>.text.DL_SYSCTL_setSYSOSCFreq</name>
         <load_address>0x4bc0</load_address>
         <readonly>true</readonly>
         <executable>true</executable>
         <run_address>0x4bc0</run_address>
         <size>0x1c</size>
         <alignment>0x4</alignment>
         <input_file_ref idref="fl-2"/>
      </object_component>
      <object_component id="oc-1d9">
         <name>.text.DL_SYSCTL_setULPCLKDivider</name>
         <load_address>0x4bdc</load_address>
         <readonly>true</readonly>
         <executable>true</executable>
         <run_address>0x4bdc</run_address>
         <size>0x1c</size>
         <alignment>0x4</alignment>
         <input_file_ref idref="fl-2"/>
      </object_component>
      <object_component id="oc-1e5">
         <name>.text.DL_Timer_enableInterrupt</name>
         <load_address>0x4bf8</load_address>
         <readonly>true</readonly>
         <executable>true</executable>
         <run_address>0x4bf8</run_address>
         <size>0x1c</size>
         <alignment>0x4</alignment>
         <input_file_ref idref="fl-2"/>
      </object_component>
      <object_component id="oc-1df">
         <name>.text.DL_Timer_setCaptCompUpdateMethod</name>
         <load_address>0x4c14</load_address>
         <readonly>true</readonly>
         <executable>true</executable>
         <run_address>0x4c14</run_address>
         <size>0x1c</size>
         <alignment>0x4</alignment>
         <input_file_ref idref="fl-19"/>
      </object_component>
      <object_component id="oc-1dc">
         <name>.text.DL_Timer_setClockConfig</name>
         <load_address>0x4c30</load_address>
         <readonly>true</readonly>
         <executable>true</executable>
         <run_address>0x4c30</run_address>
         <size>0x1c</size>
         <alignment>0x4</alignment>
         <input_file_ref idref="fl-19"/>
      </object_component>
      <object_component id="oc-1f3">
         <name>.text.DL_UART_enableInterrupt</name>
         <load_address>0x4c4c</load_address>
         <readonly>true</readonly>
         <executable>true</executable>
         <run_address>0x4c4c</run_address>
         <size>0x1c</size>
         <alignment>0x4</alignment>
         <input_file_ref idref="fl-2"/>
      </object_component>
      <object_component id="oc-219">
         <name>.text.fputc</name>
         <load_address>0x4c68</load_address>
         <readonly>true</readonly>
         <executable>true</executable>
         <run_address>0x4c68</run_address>
         <size>0x1c</size>
         <alignment>0x4</alignment>
         <input_file_ref idref="fl-1"/>
      </object_component>
      <object_component id="oc-1cb">
         <name>.text.DL_GPIO_enableOutput</name>
         <load_address>0x4c84</load_address>
         <readonly>true</readonly>
         <executable>true</executable>
         <run_address>0x4c84</run_address>
         <size>0x18</size>
         <alignment>0x4</alignment>
         <input_file_ref idref="fl-2"/>
      </object_component>
      <object_component id="oc-1c3">
         <name>.text.DL_GPIO_enablePower</name>
         <load_address>0x4c9c</load_address>
         <readonly>true</readonly>
         <executable>true</executable>
         <run_address>0x4c9c</run_address>
         <size>0x18</size>
         <alignment>0x4</alignment>
         <input_file_ref idref="fl-2"/>
      </object_component>
      <object_component id="oc-5e">
         <name>.text.DL_GPIO_getEnabledInterruptStatus</name>
         <load_address>0x4cb4</load_address>
         <readonly>true</readonly>
         <executable>true</executable>
         <run_address>0x4cb4</run_address>
         <size>0x18</size>
         <alignment>0x4</alignment>
         <input_file_ref idref="fl-1"/>
      </object_component>
      <object_component id="oc-1cd">
         <name>.text.DL_GPIO_initDigitalOutput</name>
         <load_address>0x4ccc</load_address>
         <readonly>true</readonly>
         <executable>true</executable>
         <run_address>0x4ccc</run_address>
         <size>0x18</size>
         <alignment>0x4</alignment>
         <input_file_ref idref="fl-2"/>
      </object_component>
      <object_component id="oc-1c0">
         <name>.text.DL_GPIO_reset</name>
         <load_address>0x4ce4</load_address>
         <readonly>true</readonly>
         <executable>true</executable>
         <run_address>0x4ce4</run_address>
         <size>0x18</size>
         <alignment>0x4</alignment>
         <input_file_ref idref="fl-2"/>
      </object_component>
      <object_component id="oc-9e">
         <name>.text.DL_GPIO_setPins</name>
         <load_address>0x4cfc</load_address>
         <readonly>true</readonly>
         <executable>true</executable>
         <run_address>0x4cfc</run_address>
         <size>0x18</size>
         <alignment>0x4</alignment>
         <input_file_ref idref="fl-1"/>
      </object_component>
      <object_component id="oc-166">
         <name>.text.DL_GPIO_setPins</name>
         <load_address>0x4d14</load_address>
         <readonly>true</readonly>
         <executable>true</executable>
         <run_address>0x4d14</run_address>
         <size>0x18</size>
         <alignment>0x4</alignment>
         <input_file_ref idref="fl-8"/>
      </object_component>
      <object_component id="oc-224">
         <name>.text.DL_GPIO_setPins</name>
         <load_address>0x4d2c</load_address>
         <readonly>true</readonly>
         <executable>true</executable>
         <run_address>0x4d2c</run_address>
         <size>0x18</size>
         <alignment>0x4</alignment>
         <input_file_ref idref="fl-9"/>
      </object_component>
      <object_component id="oc-1d2">
         <name>.text.DL_GPIO_setUpperPinsPolarity</name>
         <load_address>0x4d44</load_address>
         <readonly>true</readonly>
         <executable>true</executable>
         <run_address>0x4d44</run_address>
         <size>0x18</size>
         <alignment>0x2</alignment>
         <input_file_ref idref="fl-2"/>
      </object_component>
      <object_component id="oc-5f">
         <name>.text.DL_GPIO_togglePins</name>
         <load_address>0x4d5c</load_address>
         <readonly>true</readonly>
         <executable>true</executable>
         <run_address>0x4d5c</run_address>
         <size>0x18</size>
         <alignment>0x4</alignment>
         <input_file_ref idref="fl-1"/>
      </object_component>
      <object_component id="oc-1d5">
         <name>.text.DL_SYSCTL_setBORThreshold</name>
         <load_address>0x4d74</load_address>
         <readonly>true</readonly>
         <executable>true</executable>
         <run_address>0x4d74</run_address>
         <size>0x18</size>
         <alignment>0x4</alignment>
         <input_file_ref idref="fl-2"/>
      </object_component>
      <object_component id="oc-1c4">
         <name>.text.DL_Timer_enablePower</name>
         <load_address>0x4d8c</load_address>
         <readonly>true</readonly>
         <executable>true</executable>
         <run_address>0x4d8c</run_address>
         <size>0x18</size>
         <alignment>0x4</alignment>
         <input_file_ref idref="fl-2"/>
      </object_component>
      <object_component id="oc-1c1">
         <name>.text.DL_Timer_reset</name>
         <load_address>0x4da4</load_address>
         <readonly>true</readonly>
         <executable>true</executable>
         <run_address>0x4da4</run_address>
         <size>0x18</size>
         <alignment>0x4</alignment>
         <input_file_ref idref="fl-2"/>
      </object_component>
      <object_component id="oc-1de">
         <name>.text.DL_Timer_setCaptureCompareOutCtl</name>
         <load_address>0x4dbc</load_address>
         <readonly>true</readonly>
         <executable>true</executable>
         <run_address>0x4dbc</run_address>
         <size>0x18</size>
         <alignment>0x4</alignment>
         <input_file_ref idref="fl-19"/>
      </object_component>
      <object_component id="oc-112">
         <name>.text.DL_Timer_startCounter</name>
         <load_address>0x4dd4</load_address>
         <readonly>true</readonly>
         <executable>true</executable>
         <run_address>0x4dd4</run_address>
         <size>0x18</size>
         <alignment>0x4</alignment>
         <input_file_ref idref="fl-1"/>
      </object_component>
      <object_component id="oc-1c5">
         <name>.text.DL_UART_enablePower</name>
         <load_address>0x4dec</load_address>
         <readonly>true</readonly>
         <executable>true</executable>
         <run_address>0x4dec</run_address>
         <size>0x18</size>
         <alignment>0x4</alignment>
         <input_file_ref idref="fl-2"/>
      </object_component>
      <object_component id="oc-1c2">
         <name>.text.DL_UART_reset</name>
         <load_address>0x4e04</load_address>
         <readonly>true</readonly>
         <executable>true</executable>
         <run_address>0x4e04</run_address>
         <size>0x18</size>
         <alignment>0x4</alignment>
         <input_file_ref idref="fl-2"/>
      </object_component>
      <object_component id="oc-19d">
         <name>.text._outs</name>
         <load_address>0x4e1c</load_address>
         <readonly>true</readonly>
         <executable>true</executable>
         <run_address>0x4e1c</run_address>
         <size>0x18</size>
         <alignment>0x2</alignment>
         <input_file_ref idref="fl-2b"/>
      </object_component>
      <object_component id="oc-e6">
         <name>.text.DL_GPIO_readPins</name>
         <load_address>0x4e34</load_address>
         <readonly>true</readonly>
         <executable>true</executable>
         <run_address>0x4e34</run_address>
         <size>0x16</size>
         <alignment>0x2</alignment>
         <input_file_ref idref="fl-6"/>
      </object_component>
      <object_component id="oc-1a3">
         <name>.text.DL_GPIO_readPins</name>
         <load_address>0x4e4a</load_address>
         <readonly>true</readonly>
         <executable>true</executable>
         <run_address>0x4e4a</run_address>
         <size>0x16</size>
         <alignment>0x2</alignment>
         <input_file_ref idref="fl-7"/>
      </object_component>
      <object_component id="oc-60">
         <name>.text.DL_GPIO_readPins</name>
         <load_address>0x4e60</load_address>
         <readonly>true</readonly>
         <executable>true</executable>
         <run_address>0x4e60</run_address>
         <size>0x16</size>
         <alignment>0x2</alignment>
         <input_file_ref idref="fl-1"/>
      </object_component>
      <object_component id="oc-1f4">
         <name>.text.DL_UART_enable</name>
         <load_address>0x4e76</load_address>
         <readonly>true</readonly>
         <executable>true</executable>
         <run_address>0x4e76</run_address>
         <size>0x16</size>
         <alignment>0x2</alignment>
         <input_file_ref idref="fl-2"/>
      </object_component>
      <object_component id="oc-4e">
         <name>.text:decompress:ZI:__TI_zero_init_nomemset</name>
         <load_address>0x4e8c</load_address>
         <readonly>true</readonly>
         <executable>true</executable>
         <run_address>0x4e8c</run_address>
         <size>0x16</size>
         <alignment>0x2</alignment>
         <input_file_ref idref="fl-3c"/>
      </object_component>
      <object_component id="oc-9f">
         <name>.text.DL_GPIO_clearPins</name>
         <load_address>0x4ea2</load_address>
         <readonly>true</readonly>
         <executable>true</executable>
         <run_address>0x4ea2</run_address>
         <size>0x14</size>
         <alignment>0x2</alignment>
         <input_file_ref idref="fl-1"/>
      </object_component>
      <object_component id="oc-165">
         <name>.text.DL_GPIO_clearPins</name>
         <load_address>0x4eb6</load_address>
         <readonly>true</readonly>
         <executable>true</executable>
         <run_address>0x4eb6</run_address>
         <size>0x14</size>
         <alignment>0x2</alignment>
         <input_file_ref idref="fl-8"/>
      </object_component>
      <object_component id="oc-225">
         <name>.text.DL_GPIO_clearPins</name>
         <load_address>0x4eca</load_address>
         <readonly>true</readonly>
         <executable>true</executable>
         <run_address>0x4eca</run_address>
         <size>0x14</size>
         <alignment>0x2</alignment>
         <input_file_ref idref="fl-9"/>
      </object_component>
      <object_component id="oc-1d1">
         <name>.text.DL_GPIO_clearPins</name>
         <load_address>0x4ede</load_address>
         <readonly>true</readonly>
         <executable>true</executable>
         <run_address>0x4ede</run_address>
         <size>0x14</size>
         <alignment>0x2</alignment>
         <input_file_ref idref="fl-2"/>
      </object_component>
      <object_component id="oc-1d8">
         <name>.text.DL_SYSCTL_disableSYSPLL</name>
         <load_address>0x4ef4</load_address>
         <readonly>true</readonly>
         <executable>true</executable>
         <run_address>0x4ef4</run_address>
         <size>0x14</size>
         <alignment>0x4</alignment>
         <input_file_ref idref="fl-2"/>
      </object_component>
      <object_component id="oc-1e0">
         <name>.text.DL_Timer_enableClock</name>
         <load_address>0x4f08</load_address>
         <readonly>true</readonly>
         <executable>true</executable>
         <run_address>0x4f08</run_address>
         <size>0x14</size>
         <alignment>0x4</alignment>
         <input_file_ref idref="fl-2"/>
      </object_component>
      <object_component id="oc-1e1">
         <name>.text.DL_Timer_setCCPDirection</name>
         <load_address>0x4f1c</load_address>
         <readonly>true</readonly>
         <executable>true</executable>
         <run_address>0x4f1c</run_address>
         <size>0x14</size>
         <alignment>0x2</alignment>
         <input_file_ref idref="fl-2"/>
      </object_component>
      <object_component id="oc-68">
         <name>.text.DL_UART_receiveData</name>
         <load_address>0x4f30</load_address>
         <readonly>true</readonly>
         <executable>true</executable>
         <run_address>0x4f30</run_address>
         <size>0x14</size>
         <alignment>0x4</alignment>
         <input_file_ref idref="fl-1"/>
      </object_component>
      <object_component id="oc-241">
         <name>.text.__aeabi_uldivmod</name>
         <load_address>0x4f44</load_address>
         <readonly>true</readonly>
         <executable>true</executable>
         <run_address>0x4f44</run_address>
         <size>0x14</size>
         <alignment>0x4</alignment>
         <input_file_ref idref="fl-c6"/>
      </object_component>
      <object_component id="oc-280">
         <name>.text.strchr</name>
         <load_address>0x4f58</load_address>
         <readonly>true</readonly>
         <executable>true</executable>
         <run_address>0x4f58</run_address>
         <size>0x14</size>
         <alignment>0x2</alignment>
         <input_file_ref idref="fl-2a"/>
      </object_component>
      <object_component id="oc-1ea">
         <name>.text.DL_UART_setClockConfig</name>
         <load_address>0x4f6c</load_address>
         <readonly>true</readonly>
         <executable>true</executable>
         <run_address>0x4f6c</run_address>
         <size>0x12</size>
         <alignment>0x2</alignment>
         <input_file_ref idref="fl-1a"/>
      </object_component>
      <object_component id="oc-102">
         <name>.text:TI_memcpy_small</name>
         <load_address>0x4f7e</load_address>
         <readonly>true</readonly>
         <executable>true</executable>
         <run_address>0x4f7e</run_address>
         <size>0x12</size>
         <alignment>0x1</alignment>
         <input_file_ref idref="fl-cc"/>
      </object_component>
      <object_component id="oc-20">
         <name>.text:decompress:none</name>
         <load_address>0x4f90</load_address>
         <readonly>true</readonly>
         <executable>true</executable>
         <run_address>0x4f90</run_address>
         <size>0x12</size>
         <alignment>0x2</alignment>
         <input_file_ref idref="fl-3d"/>
      </object_component>
      <object_component id="oc-1d7">
         <name>.text.DL_SYSCTL_disableHFXT</name>
         <load_address>0x4fa4</load_address>
         <readonly>true</readonly>
         <executable>true</executable>
         <run_address>0x4fa4</run_address>
         <size>0x10</size>
         <alignment>0x4</alignment>
         <input_file_ref idref="fl-2"/>
      </object_component>
      <object_component id="oc-167">
         <name>.text.DL_Timer_setCaptureCompareValue</name>
         <load_address>0x4fb4</load_address>
         <readonly>true</readonly>
         <executable>true</executable>
         <run_address>0x4fb4</run_address>
         <size>0x10</size>
         <alignment>0x4</alignment>
         <input_file_ref idref="fl-19"/>
      </object_component>
      <object_component id="oc-233">
         <name>.text.wcslen</name>
         <load_address>0x4fc4</load_address>
         <readonly>true</readonly>
         <executable>true</executable>
         <run_address>0x4fc4</run_address>
         <size>0x10</size>
         <alignment>0x2</alignment>
         <input_file_ref idref="fl-3f"/>
      </object_component>
      <object_component id="oc-227">
         <name>.text.__aeabi_memset</name>
         <load_address>0x4fd4</load_address>
         <readonly>true</readonly>
         <executable>true</executable>
         <run_address>0x4fd4</run_address>
         <size>0xe</size>
         <alignment>0x4</alignment>
         <input_file_ref idref="fl-c4"/>
      </object_component>
      <object_component id="oc-226">
         <name>.text.strlen</name>
         <load_address>0x4fe2</load_address>
         <readonly>true</readonly>
         <executable>true</executable>
         <run_address>0x4fe2</run_address>
         <size>0xe</size>
         <alignment>0x2</alignment>
         <input_file_ref idref="fl-2a"/>
      </object_component>
      <object_component id="oc-253">
         <name>.text.strlen</name>
         <load_address>0x4ff0</load_address>
         <readonly>true</readonly>
         <executable>true</executable>
         <run_address>0x4ff0</run_address>
         <size>0xe</size>
         <alignment>0x2</alignment>
         <input_file_ref idref="fl-36"/>
      </object_component>
      <object_component id="oc-180">
         <name>.text:TI_memset_small</name>
         <load_address>0x4ffe</load_address>
         <readonly>true</readonly>
         <executable>true</executable>
         <run_address>0x4ffe</run_address>
         <size>0xe</size>
         <alignment>0x1</alignment>
         <input_file_ref idref="fl-cd"/>
      </object_component>
      <object_component id="oc-1c6">
         <name>.text.DL_Common_delayCycles</name>
         <load_address>0x500c</load_address>
         <readonly>true</readonly>
         <executable>true</executable>
         <run_address>0x500c</run_address>
         <size>0xa</size>
         <alignment>0x2</alignment>
         <input_file_ref idref="fl-18"/>
      </object_component>
      <object_component id="oc-27f">
         <name>.text.OUTLINED_FUNCTION_0</name>
         <load_address>0x5016</load_address>
         <readonly>true</readonly>
         <executable>true</executable>
         <run_address>0x5016</run_address>
         <size>0xa</size>
         <alignment>0x2</alignment>
         <input_file_ref idref="fl-2a"/>
      </object_component>
      <object_component id="oc-2ef">
         <name>.tramp.__aeabi_dsub.1</name>
         <load_address>0x5020</load_address>
[...]
         <object_component_ref idref="oc-63"/>
      </symbol>
      <symbol id="sm-263">
         <name>PD_Angle</name>
         <value>0x355d</value>
         <object_component_ref idref="oc-101"/>
      </symbol>
      <symbol id="sm-264">
         <name>Car_PD_Angle</name>
         <value>0x2f2d</value>
         <object_component_ref idref="oc-9d"/>
      </symbol>
      <symbol id="sm-265">
         <name>Car_PID_Ctrl_Speed_single</name>
         <value>0x36f1</value>
         <object_component_ref idref="oc-93"/>
      </symbol>
      <symbol id="sm-266">
         <name>car_location_1</name>
         <value>0x20200220</value>
      </symbol>
      <symbol id="sm-267">
         <name>car_location_2</name>
         <value>0x20200224</value>
      </symbol>
      <symbol id="sm-268">
         <name>__TI_ATRegion0_src_addr</name>
         <value>0x0</value>
      </symbol>
      <symbol id="sm-269">
         <name>__TI_ATRegion0_trg_addr</name>
         <value>0x0</value>
      </symbol>
      <symbol id="sm-26a">
         <name>__TI_ATRegion0_region_sz</name>
         <value>0x0</value>
      </symbol>
      <symbol id="sm-26b">
         <name>__TI_ATRegion1_src_addr</name>
         <value>0x0</value>
      </symbol>
      <symbol id="sm-26c">
         <name>__TI_ATRegion1_trg_addr</name>
         <value>0x0</value>
      </symbol>
      <symbol id="sm-26d">
         <name>__TI_ATRegion1_region_sz</name>
         <value>0x0</value>
      </symbol>
      <symbol id="sm-26e">
         <name>__TI_ATRegion2_src_addr</name>
         <value>0x0</value>
      </symbol>
      <symbol id="sm-26f">
         <name>__TI_ATRegion2_trg_addr</name>
         <value>0x0</value>
      </symbol>
      <symbol id="sm-270">
         <name>__TI_ATRegion2_region_sz</name>
         <value>0x0</value>
      </symbol>
      <symbol id="sm-279">
         <name>DL_Common_delayCycles</name>
         <value>0x500d</value>
         <object_component_ref idref="oc-1c6"/>
      </symbol>
      <symbol id="sm-298">
         <name>DL_Timer_setClockConfig</name>
         <value>0x4c31</value>
         <object_component_ref idref="oc-1dc"/>
      </symbol>
      <symbol id="sm-299">
         <name>DL_Timer_initTimerMode</name>
         <value>0x310d</value>
         <object_component_ref idref="oc-1e4"/>
      </symbol>
      <symbol id="sm-29a">
         <name>DL_Timer_setCaptureCompareValue</name>
         <value>0x4fb5</value>
         <object_component_ref idref="oc-167"/>
      </symbol>
      <symbol id="sm-29b">
         <name>DL_Timer_initPWMMode</name>
         <value>0x362d</value>
         <object_component_ref idref="oc-221"/>
      </symbol>
      <symbol id="sm-29c">
         <name>DL_Timer_setCaptureCompareOutCtl</name>
         <value>0x4dbd</value>
         <object_component_ref idref="oc-1de"/>
      </symbol>
      <symbol id="sm-29d">
         <name>DL_Timer_setCaptCompUpdateMethod</name>
         <value>0x4c15</value>
         <object_component_ref idref="oc-1df"/>
      </symbol>
      <symbol id="sm-29e">
         <name>DL_TimerA_initPWMMode</name>
         <value>0x3bb9</value>
         <object_component_ref idref="oc-1dd"/>
      </symbol>
      <symbol id="sm-2ae">
         <name>DL_UART_init</name>
         <value>0x43d9</value>
         <object_component_ref idref="oc-1f0"/>
      </symbol>
      <symbol id="sm-2af">
         <name>DL_UART_setClockConfig</name>
         <value>0x4f6d</value>
         <object_component_ref idref="oc-1ea"/>
      </symbol>
      <symbol id="sm-2b0">
         <name>DL_UART_transmitDataBlocking</name>
         <value>0x4ab9</value>
         <object_component_ref idref="oc-20e"/>
      </symbol>
      <symbol id="sm-2c1">
         <name>printf</name>
         <value>0x40ed</value>
         <object_component_ref idref="oc-12d"/>
      </symbol>
      <symbol id="sm-30a">
         <name>__TI_printfi</name>
         <value>0xc1</value>
         <object_component_ref idref="oc-206"/>
      </symbol>
      <symbol id="sm-31b">
         <name>sprintf</name>
         <value>0x47c9</value>
         <object_component_ref idref="oc-119"/>
      </symbol>
      <symbol id="sm-325">
         <name>frexp</name>
         <value>0x4091</value>
         <object_component_ref idref="oc-273"/>
      </symbol>
      <symbol id="sm-326">
         <name>frexpl</name>
         <value>0x4091</value>
         <object_component_ref idref="oc-273"/>
      </symbol>
      <symbol id="sm-330">
         <name>scalbn</name>
         <value>0x32d9</value>
         <object_component_ref idref="oc-277"/>
      </symbol>
      <symbol id="sm-331">
         <name>ldexp</name>
         <value>0x32d9</value>
         <object_component_ref idref="oc-277"/>
      </symbol>
      <symbol id="sm-332">
         <name>scalbnl</name>
         <value>0x32d9</value>
         <object_component_ref idref="oc-277"/>
      </symbol>
      <symbol id="sm-333">
         <name>ldexpl</name>
         <value>0x32d9</value>
         <object_component_ref idref="oc-277"/>
      </symbol>
      <symbol id="sm-33e">
         <name>__aeabi_errno_addr</name>
         <value>0x5045</value>
         <object_component_ref idref="oc-237"/>
      </symbol>
      <symbol id="sm-33f">
         <name>__aeabi_errno</name>
         <value>0x2020039c</value>
         <object_component_ref idref="oc-261"/>
      </symbol>
      <symbol id="sm-348">
         <name>_nop</name>
         <value>0x3bb7</value>
         <object_component_ref idref="oc-20f"/>
      </symbol>
      <symbol id="sm-349">
         <name>_lock</name>
         <value>0x202003a0</value>
         <object_component_ref idref="oc-1aa"/>
      </symbol>
      <symbol id="sm-34a">
         <name>_unlock</name>
         <value>0x202003a4</value>
         <object_component_ref idref="oc-1b0"/>
      </symbol>
      <symbol id="sm-353">
         <name>__TI_ltoa</name>
         <value>0x4149</value>
         <object_component_ref idref="oc-27b"/>
      </symbol>
      <symbol id="sm-35e">
         <name>atoi</name>
         <value>0x4575</value>
         <object_component_ref idref="oc-22f"/>
      </symbol>
      <symbol id="sm-363">
         <name>_ftable</name>
         <value>0x20200244</value>
         <object_component_ref idref="oc-1ac"/>
      </symbol>
      <symbol id="sm-36c">
         <name>memccpy</name>
         <value>0x4a77</value>
         <object_component_ref idref="oc-228"/>
      </symbol>
      <symbol id="sm-376">
         <name>strlen</name>
         <value>0x4ff1</value>
         <object_component_ref idref="oc-253"/>
      </symbol>
      <symbol id="sm-381">
         <name>_c_int00_noargs</name>
         <value>0x4a09</value>
         <object_component_ref idref="oc-57"/>
      </symbol>
      <symbol id="sm-382">
         <name>__stack</name>
         <value>0x20207e00</value>
         <object_component_ref idref="oc-1a"/>
      </symbol>
      <symbol id="sm-38e">
         <name>__TI_auto_init_nobinit_nopinit</name>
         <value>0x46a5</value>
         <object_component_ref idref="oc-143"/>
      </symbol>
      <symbol id="sm-396">
         <name>_system_pre_init</name>
         <value>0x506d</value>
         <object_component_ref idref="oc-c3"/>
      </symbol>
      <symbol id="sm-3a1">
         <name>__TI_zero_init_nomemset</name>
         <value>0x4e8d</value>
         <object_component_ref idref="oc-4e"/>
      </symbol>
      <symbol id="sm-3aa">
         <name>__TI_decompress_none</name>
         <value>0x4f91</value>
         <object_component_ref idref="oc-20"/>
      </symbol>
      <symbol id="sm-3b5">
         <name>__TI_decompress_lzss</name>
         <value>0x3d35</value>
         <object_component_ref idref="oc-1c"/>
      </symbol>
      <symbol id="sm-3be">
         <name>wcslen</name>
         <value>0x4fc5</value>
         <object_component_ref idref="oc-233"/>
      </symbol>
      <symbol id="sm-3c0">
         <name>__aeabi_ctype_table_</name>
         <value>0x58a0</value>
         <object_component_ref idref="oc-25a"/>
      </symbol>
      <symbol id="sm-3c1">
         <name>__aeabi_ctype_table_C</name>
         <value>0x58a0</value>
         <object_component_ref idref="oc-25a"/>
      </symbol>
      <symbol id="sm-3cb">
         <name>abort</name>
         <value>0x5071</value>
         <object_component_ref idref="oc-13c"/>
      </symbol>
      <symbol id="sm-3cc">
         <name>C$$EXIT</name>
         <value>0x5070</value>
         <object_component_ref idref="oc-13c"/>
      </symbol>
      <symbol id="sm-3dd">
         <name>__aeabi_fadd</name>
         <value>0x33bb</value>
         <object_component_ref idref="oc-79"/>
      </symbol>
      <symbol id="sm-3de">
         <name>__addsf3</name>
         <value>0x33bb</value>
         <object_component_ref idref="oc-79"/>
      </symbol>
      <symbol id="sm-3df">
         <name>__aeabi_fsub</name>
         <value>0x33b1</value>
         <object_component_ref idref="oc-79"/>
      </symbol>
      <symbol id="sm-3e0">
         <name>__subsf3</name>
         <value>0x33b1</value>
         <object_component_ref idref="oc-79"/>
      </symbol>
      <symbol id="sm-3e6">
         <name>__aeabi_dadd</name>
         <value>0x1ddb</value>
         <object_component_ref idref="oc-179"/>
      </symbol>
      <symbol id="sm-3e7">
         <name>__adddf3</name>
         <value>0x1ddb</value>
         <object_component_ref idref="oc-179"/>
      </symbol>
      <symbol id="sm-3e8">
         <name>__aeabi_dsub</name>
         <value>0x1dd1</value>
         <object_component_ref idref="oc-179"/>
      </symbol>
      <symbol id="sm-3e9">
         <name>__subdf3</name>
         <value>0x1dd1</value>
         <object_component_ref idref="oc-179"/>
      </symbol>
      <symbol id="sm-3f2">
         <name>__aeabi_dmul</name>
         <value>0x31f5</value>
         <object_component_ref idref="oc-f6"/>
      </symbol>
      <symbol id="sm-3f3">
         <name>__muldf3</name>
         <value>0x31f5</value>
         <object_component_ref idref="oc-f6"/>
      </symbol>
      <symbol id="sm-3f9">
         <name>__muldsi3</name>
         <value>0x471d</value>
         <object_component_ref idref="oc-d6"/>
      </symbol>
      <symbol id="sm-3ff">
         <name>__aeabi_fmul</name>
         <value>0x3a25</value>
         <object_component_ref idref="oc-71"/>
      </symbol>
      <symbol id="sm-400">
         <name>__mulsf3</name>
         <value>0x3a25</value>
         <object_component_ref idref="oc-71"/>
      </symbol>
      <symbol id="sm-406">
         <name>__aeabi_fdiv</name>
         <value>0x3b35</value>
         <object_component_ref idref="oc-6d"/>
      </symbol>
      <symbol id="sm-407">
         <name>__divsf3</name>
         <value>0x3b35</value>
         <object_component_ref idref="oc-6d"/>
      </symbol>
      <symbol id="sm-40d">
         <name>__aeabi_ddiv</name>
         <value>0x2a11</value>
         <object_component_ref idref="oc-285"/>
      </symbol>
      <symbol id="sm-40e">
         <name>__divdf3</name>
         <value>0x2a11</value>
         <object_component_ref idref="oc-285"/>
      </symbol>
      <symbol id="sm-414">
         <name>__aeabi_f2d</name>
         <value>0x4535</value>
         <object_component_ref idref="oc-120"/>
      </symbol>
      <symbol id="sm-415">
         <name>__extendsfdf2</name>
         <value>0x4535</value>
         <object_component_ref idref="oc-120"/>
      </symbol>
      <symbol id="sm-41b">
         <name>__aeabi_d2iz</name>
         <value>0x438d</value>
         <object_component_ref idref="oc-fa"/>
      </symbol>
      <symbol id="sm-41c">
         <name>__fixdfsi</name>
         <value>0x438d</value>
         <object_component_ref idref="oc-fa"/>
      </symbol>
      <symbol id="sm-422">
         <name>__aeabi_f2iz</name>
         <value>0x4791</value>
         <object_component_ref idref="oc-99"/>
      </symbol>
      <symbol id="sm-423">
         <name>__fixsfsi</name>
         <value>0x4791</value>
         <object_component_ref idref="oc-99"/>
      </symbol>
      <symbol id="sm-429">
         <name>__aeabi_i2d</name>
         <value>0x49b5</value>
         <object_component_ref idref="oc-f2"/>
      </symbol>
      <symbol id="sm-42a">
         <name>__floatsidf</name>
         <value>0x49b5</value>
         <object_component_ref idref="oc-f2"/>
      </symbol>
      <symbol id="sm-430">
         <name>__aeabi_i2f</name>
         <value>0x462d</value>
         <object_component_ref idref="oc-69"/>
      </symbol>
      <symbol id="sm-431">
         <name>__floatsisf</name>
         <value>0x462d</value>
         <object_component_ref idref="oc-69"/>
      </symbol>
      <symbol id="sm-437">
         <name>__aeabi_lmul</name>
         <value>0x4a31</value>
         <object_component_ref idref="oc-23c"/>
      </symbol>
      <symbol id="sm-438">
         <name>__muldi3</name>
         <value>0x4a31</value>
         <object_component_ref idref="oc-23c"/>
      </symbol>
      <symbol id="sm-43e">
         <name>__aeabi_dcmpeq</name>
         <value>0x3fc9</value>
         <object_component_ref idref="oc-245"/>
      </symbol>
      <symbol id="sm-43f">
         <name>__aeabi_dcmplt</name>
         <value>0x3fdd</value>
         <object_component_ref idref="oc-245"/>
      </symbol>
      <symbol id="sm-440">
         <name>__aeabi_dcmple</name>
         <value>0x3ff1</value>
         <object_component_ref idref="oc-245"/>
      </symbol>
      <symbol id="sm-441">
         <name>__aeabi_dcmpge</name>
         <value>0x4005</value>
         <object_component_ref idref="oc-245"/>
      </symbol>
      <symbol id="sm-442">
         <name>__aeabi_dcmpgt</name>
         <value>0x4019</value>
         <object_component_ref idref="oc-245"/>
      </symbol>
      <symbol id="sm-448">
         <name>__aeabi_fcmpeq</name>
         <value>0x402d</value>
         <object_component_ref idref="oc-75"/>
      </symbol>
      <symbol id="sm-449">
         <name>__aeabi_fcmplt</name>
         <value>0x4041</value>
         <object_component_ref idref="oc-75"/>
      </symbol>
      <symbol id="sm-44a">
         <name>__aeabi_fcmple</name>
         <value>0x4055</value>
         <object_component_ref idref="oc-75"/>
      </symbol>
      <symbol id="sm-44b">
         <name>__aeabi_fcmpge</name>
         <value>0x4069</value>
         <object_component_ref idref="oc-75"/>
      </symbol>
      <symbol id="sm-44c">
         <name>__aeabi_fcmpgt</name>
         <value>0x407d</value>
         <object_component_ref idref="oc-75"/>
      </symbol>
      <symbol id="sm-452">
         <name>__aeabi_idiv</name>
         <value>0x41f9</value>
         <object_component_ref idref="oc-29e"/>
      </symbol>
      <symbol id="sm-453">
         <name>__aeabi_idivmod</name>
         <value>0x41f9</value>
         <object_component_ref idref="oc-29e"/>
      </symbol>
      <symbol id="sm-459">
         <name>__aeabi_memcpy</name>
         <value>0x504d</value>
         <object_component_ref idref="oc-47"/>
      </symbol>
      <symbol id="sm-45a">
         <name>__aeabi_memcpy4</name>
         <value>0x504d</value>
         <object_component_ref idref="oc-47"/>
      </symbol>
      <symbol id="sm-45b">
         <name>__aeabi_memcpy8</name>
         <value>0x504d</value>
         <object_component_ref idref="oc-47"/>
      </symbol>
      <symbol id="sm-462">
         <name>__aeabi_memset</name>
         <value>0x4fd5</value>
         <object_component_ref idref="oc-227"/>
      </symbol>
      <symbol id="sm-463">
         <name>__aeabi_memset4</name>
         <value>0x4fd5</value>
         <object_component_ref idref="oc-227"/>
      </symbol>
      <symbol id="sm-464">
         <name>__aeabi_memset8</name>
         <value>0x4fd5</value>
         <object_component_ref idref="oc-227"/>
      </symbol>
      <symbol id="sm-46a">
         <name>__aeabi_uidiv</name>
         <value>0x44f5</value>
         <object_component_ref idref="oc-208"/>
      </symbol>
      <symbol id="sm-46b">
         <name>__aeabi_uidivmod</name>
         <value>0x44f5</value>
         <object_component_ref idref="oc-208"/>
      </symbol>
      <symbol id="sm-471">
         <name>__aeabi_uldivmod</name>
         <value>0x4f45</value>
         <object_component_ref idref="oc-241"/>
      </symbol>
      <symbol id="sm-47a">
         <name>__eqsf2</name>
         <value>0x46e1</value>
         <object_component_ref idref="oc-db"/>
      </symbol>
      <symbol id="sm-47b">
         <name>__lesf2</name>
         <value>0x46e1</value>
         <object_component_ref idref="oc-db"/>
      </symbol>
      <symbol id="sm-47c">
         <name>__ltsf2</name>
         <value>0x46e1</value>
         <object_component_ref idref="oc-db"/>
      </symbol>
      <symbol id="sm-47d">
         <name>__nesf2</name>
         <value>0x46e1</value>
         <object_component_ref idref="oc-db"/>
      </symbol>
      <symbol id="sm-47e">
         <name>__cmpsf2</name>
         <value>0x46e1</value>
         <object_component_ref idref="oc-db"/>
      </symbol>
      <symbol id="sm-47f">
         <name>__gtsf2</name>
         <value>0x4669</value>
         <object_component_ref idref="oc-e0"/>
      </symbol>
      <symbol id="sm-480">
         <name>__gesf2</name>
         <value>0x4669</value>
         <object_component_ref idref="oc-e0"/>
      </symbol>
      <symbol id="sm-486">
         <name>__udivmoddi4</name>
         <value>0x3859</value>
         <object_component_ref idref="oc-266"/>
      </symbol>
      <symbol id="sm-48c">
         <name>__aeabi_llsl</name>
         <value>0x4af9</value>
         <object_component_ref idref="oc-291"/>
      </symbol>
      <symbol id="sm-48d">
         <name>__ashldi3</name>
         <value>0x4af9</value>
         <object_component_ref idref="oc-291"/>
      </symbol>
      <symbol id="sm-49b">
         <name>__ledf2</name>
         <value>0x3e8d</value>
         <object_component_ref idref="oc-26b"/>
      </symbol>
      <symbol id="sm-49c">
         <name>__gedf2</name>
         <value>0x3e1d</value>
         <object_component_ref idref="oc-271"/>
      </symbol>
      <symbol id="sm-49d">
         <name>__cmpdf2</name>
         <value>0x3e8d</value>
         <object_component_ref idref="oc-26b"/>
      </symbol>
      <symbol id="sm-49e">
         <name>__eqdf2</name>
         <value>0x3e8d</value>
         <object_component_ref idref="oc-26b"/>
      </symbol>
      <symbol id="sm-49f">
         <name>__ltdf2</name>
         <value>0x3e8d</value>
         <object_component_ref idref="oc-26b"/>
      </symbol>
      <symbol id="sm-4a0">
         <name>__nedf2</name>
         <value>0x3e8d</value>
         <object_component_ref idref="oc-26b"/>
      </symbol>
      <symbol id="sm-4a1">
         <name>__gtdf2</name>
         <value>0x3e1d</value>
         <object_component_ref idref="oc-271"/>
      </symbol>
      <symbol id="sm-4ad">
         <name>__aeabi_idiv0</name>
         <value>0x2f2b</value>
         <object_component_ref idref="oc-24d"/>
      </symbol>
      <symbol id="sm-4ae">
         <name>__aeabi_ldiv0</name>
         <value>0x38fb</value>
         <object_component_ref idref="oc-290"/>
      </symbol>
      <symbol id="sm-4b7">
         <name>TI_memcpy_small</name>
         <value>0x4f7f</value>
         <object_component_ref idref="oc-102"/>
      </symbol>
      <symbol id="sm-4c0">
         <name>TI_memset_small</name>
         <value>0x4fff</value>
         <object_component_ref idref="oc-180"/>
      </symbol>
      <symbol id="sm-4c1">
         <name>__TI_static_base__</name>
         <value>0x0</value>
      </symbol>
      <symbol id="sm-4c5">
         <name>__mpu_init</name>
         <value>0x0</value>
      </symbol>
      <symbol id="sm-4c6">
         <name>_system_post_cinit</name>
         <value>0x0</value>
      </symbol>
   </symbol_table>
   <title>Link successful</title>
</link_info>
