******************************************************************************
            TI ARM Clang Linker PC v3.2.2                      
******************************************************************************
>> Linked Sun Aug  4 09:11:17 2024

OUTPUT FILE NAME:   <M0G3507.out>
ENTRY POINT SYMBOL: "_c_int00_noargs"  address: 00004a09


MEMORY CONFIGURATION

         name            origin    length      used     unused   attr    fill
----------------------  --------  ---------  --------  --------  ----  --------
  FLASH                 00000000   00020000  00005af0  0001a510  R  X
  SRAM                  20200000   00008000  000005fd  00007a03  RW X
  BCR_CONFIG            41c00000   00000080  00000000  00000080  R   
  BSL_CONFIG            41c00100   00000080  00000000  00000080  R   


SEGMENT ALLOCATION MAP

run origin  load origin   length   init length attrs members
----------  ----------- ---------- ----------- ----- -------
00000000    00000000    00005078   00005078    r-x
  00000000    00000000    000000c0   000000c0    r-- .intvecs
  000000c0    000000c0    00004fb8   00004fb8    r-x .text
00005080    00005080    00000a78   00000a78    r--
  00005080    00005080    00000a00   00000a00    r-- .rodata
  00005a80    00005a80    00000078   00000078    r-- .cinit
20200000    20200000    000003fe   00000000    rw-
  20200000    20200000    00000243   00000000    rw- .bss
  20200244    20200244    000001ba   00000000    rw- .data
20207e00    20207e00    00000200   00000000    rw-
  20207e00    20207e00    00000200   00000000    rw- .stack


SECTION ALLOCATION MAP

 output                                  attributes/
section   page    origin      length       input sections
--------  ----  ----------  ----------   ----------------
.intvecs   0    00000000    000000c0     
                  00000000    000000c0     startup_mspm0g350x_ticlang.o (.intvecs)

.text      0    000000c0    00004fb8     
                  000000c0    00000a00     libc.a : _printfi.c.obj (.text:__TI_printfi)
                  00000ac0    00000438     main.o (.text.Problem4)
                  00000ef8    00000324     main.o (.text.Problem3)
                  0000121c    000002ec     main.o (.text.UART1_IRQHandler)
                  00001508    000002d0     main.o (.text.TIMA1_IRQHandler)
                  000017d8    00000220     libc.a : _printfi.c.obj (.text._pconv_a)
                  000019f8    000001fc     main.o (.text.main)
                  00001bf4    000001dc     libc.a : _printfi.c.obj (.text._pconv_g)
                  00001dd0    00000192     libclang_rt.builtins.a : adddf3.S.obj (.text.adddf3_subdf3)
                  00001f62    00000002     main.o (.text.UART0_IRQHandler)
                  00001f64    00000154     ti_msp_dl_config.o (.text.SYSCFG_DL_GPIO_init)
                  000020b8    00000144     main.o (.text.Problem2)
                  000021fc    0000013c     libc.a : _printfi.c.obj (.text.fcvt)
                  00002338    0000012c     key.o (.text.KEY_Scan)
                  00002464    00000128     main.o (.text.GROUP1_IRQHandler)
                  0000258c    00000124     pid.o (.text.PID_Speed_A)
                  000026b0    00000124     pid.o (.text.PID_Speed_B)
                  000027d4    00000120     libc.a : _printfi.c.obj (.text._pconv_e)
                  000028f4    0000011c     pid.o (.text.PID_Gray)
                  00002a10    0000010c     libclang_rt.builtins.a : divdf3.S.obj (.text.__divdf3)
                  00002b1c    00000108     motor.o (.text.Motor_Set)
                  00002c24    00000108     control_two.o (.text.xunji)
                  00002d2c    00000104     oled.o (.text.OLED_ShowChar)
                  00002e30    000000fa     oled.o (.text.OLED_Init)
                  00002f2a    00000002     libclang_rt.builtins.a : aeabi_div0.c.obj (.text.__aeabi_idiv0)
                  00002f2c    000000f8     pid.o (.text.Car_PD_Angle)
                  00003024    000000e8     pid.o (.text.Car_PID_GRAY)
                  0000310c    000000e8     driverlib.a : dl_timer.o (.text.DL_Timer_initTimerMode)
                  000031f4    000000e4     libclang_rt.builtins.a : muldf3.S.obj (.text.__muldf3)
                  000032d8    000000d8     libc.a : s_scalbn.c.obj (.text.scalbn)
                  000033b0    000000d8     libclang_rt.builtins.a : addsf3.S.obj (.text)
                  00003488    000000d4     pid.o (.text.Car_PID_Ctrl_Speed)
                  0000355c    000000d0     pid.o (.text.PD_Angle)
                  0000362c    000000c4     driverlib.a : dl_timer.o (.text.DL_Timer_initPWMMode)
                  000036f0    000000bc     pid.o (.text.Car_PID_Ctrl_Speed_single)
                  000037ac    000000ac     main.o (.text.Problem1)
                  00003858    000000a2     libclang_rt.builtins.a : udivmoddi4.S.obj (.text)
                  000038fa    00000002                            : aeabi_div0.c.obj (.text.__aeabi_ldiv0)
                  000038fc    0000009c     JY61P.o (.text.Serial_JY61P_Zero_Yaw)
                  00003998    0000008c     ti_msp_dl_config.o (.text.SYSCFG_DL_initPower)
                  00003a24    0000008c     libclang_rt.builtins.a : mulsf3.S.obj (.text.__mulsf3)
                  00003ab0    00000084     ti_msp_dl_config.o (.text.__NVIC_SetPriority)
                  00003b34    00000082     libclang_rt.builtins.a : divsf3.S.obj (.text.__divsf3)
                  00003bb6    00000002     libc.a : _lock.c.obj (.text._nop)
                  00003bb8    00000080     driverlib.a : dl_timer.o (.text.DL_TimerA_initPWMMode)
                  00003c38    00000080     ti_msp_dl_config.o (.text.SYSCFG_DL_MOTOR_PWM_init)
                  00003cb8    0000007c     oled.o (.text.Send_Byte)
                  00003d34    00000078     libc.a : copy_decompress_lzss.c.obj (.text:decompress:lzss)
                  00003dac    00000070     oled.o (.text.OLED_ShowString)
                  00003e1c    00000070     libclang_rt.builtins.a : comparedf2.c.obj (.text.__gedf2)
                  00003e8c    0000006c                            : comparedf2.c.obj (.text.__ledf2)
                  00003ef8    0000006a     oled.o (.text.OLED_Clear)
                  00003f62    00000066     libc.a : _printfi.c.obj (.text._mcpy)
                  00003fc8    00000062     libclang_rt.builtins.a : aeabi_dcmp.S.obj (.text.__aeabi_dcmp)
                  0000402a    00000002     --HOLE-- [fill = 0]
                  0000402c    00000062                            : aeabi_fcmp.S.obj (.text.__aeabi_fcmp)
                  0000408e    00000002     --HOLE-- [fill = 0]
                  00004090    0000005c     libc.a : s_frexp.c.obj (.text.frexp)
                  000040ec    0000005c            : printf.c.obj (.text.printf)
                  00004148    00000058            : _ltoa.c.obj (.text.__TI_ltoa)
                  000041a0    00000058            : _printfi.c.obj (.text._pconv_f)
                  000041f8    00000056     libclang_rt.builtins.a : aeabi_idivmod.S.obj (.text.__aeabi_idivmod)
                  0000424e    00000052     libc.a : _printfi.c.obj (.text._ecpy)
                  000042a0    00000050     main.o (.text.fputs)
                  000042f0    0000004e     oled.o (.text.OLED_WR_Byte)
                  0000433e    00000002     --HOLE-- [fill = 0]
                  00004340    0000004c     ti_msp_dl_config.o (.text.DL_UART_setBaudRateDivisor)
                  0000438c    0000004a     libclang_rt.builtins.a : fixdfsi.S.obj (.text.__fixdfsi)
                  000043d6    00000002     --HOLE-- [fill = 0]
                  000043d8    00000048     driverlib.a : dl_uart.o (.text.DL_UART_init)
                  00004420    00000048     ti_msp_dl_config.o (.text.SYSCFG_DL_UART_0_init)
                  00004468    00000048     ti_msp_dl_config.o (.text.SYSCFG_DL_UART_JY61P_init)
                  000044b0    00000044     ti_msp_dl_config.o (.text.SYSCFG_DL_init)
                  000044f4    00000040     libclang_rt.builtins.a : aeabi_uidivmod.S.obj (.text.__aeabi_uidivmod)
                  00004534    00000040                            : extendsfdf2.S.obj (.text.__extendsfdf2)
                  00004574    00000040     libc.a : atoi.c.obj (.text.atoi)
                  000045b4    0000003c     oled.o (.text.OLED_Set_Pos)
                  000045f0    0000003c     ti_msp_dl_config.o (.text.SYSCFG_DL_TIMER_0_init)
                  0000462c    0000003c     libclang_rt.builtins.a : floatsisf.S.obj (.text.__floatsisf)
                  00004668    0000003c                            : comparesf2.S.obj (.text.__gtsf2)
                  000046a4    0000003c     libc.a : autoinit.c.obj (.text:__TI_auto_init_nobinit_nopinit)
                  000046e0    0000003a     libclang_rt.builtins.a : comparesf2.S.obj (.text.__eqsf2)
                  0000471a    00000002     --HOLE-- [fill = 0]
                  0000471c    0000003a                            : muldsi3.S.obj (.text.__muldsi3)
                  00004756    00000002     --HOLE-- [fill = 0]
                  00004758    00000038     oled.o (.text.I2C_Start)
                  00004790    00000038     libclang_rt.builtins.a : fixsfsi.S.obj (.text.__fixsfsi)
                  000047c8    00000038     libc.a : sprintf.c.obj (.text.sprintf)
                  00004800    00000034     ti_msp_dl_config.o (.text.DL_GPIO_initDigitalInputFeatures)
                  00004834    00000034     ti_msp_dl_config.o (.text.SYSCFG_DL_TIMER_Encoder_init)
                  00004868    00000032     ti_msp_dl_config.o (.text.SYSCFG_DL_SYSCTL_init)
                  0000489a    00000002     --HOLE-- [fill = 0]
                  0000489c    00000030     ti_msp_dl_config.o (.text.DL_GPIO_initDigitalOutputFeatures)
                  000048cc    00000030     oled.o (.text.I2C_Stop)
                  000048fc    00000030     oled.o (.text.I2C_WaitAck)
                  0000492c    00000030     libc.a : _printfi.c.obj (.text._fcpy)
                  0000495c    0000002c     main.o (.text.__NVIC_ClearPendingIRQ)
                  00004988    0000002c     main.o (.text.__NVIC_EnableIRQ)
                  000049b4    0000002c     libclang_rt.builtins.a : floatsidf.S.obj (.text.__floatsidf)
                  000049e0    00000028     ti_msp_dl_config.o (.text.DL_Common_updateReg)
                  00004a08    00000028     libc.a : boot_cortex_m.c.obj (.text:_c_int00_noargs)
                  00004a30    00000024     libclang_rt.builtins.a : muldi3.S.obj (.text.__muldi3)
                  00004a54    00000022     Delay.o (.text.delay_ms)
                  00004a76    00000022     libc.a : memccpy.c.obj (.text.memccpy)
                  00004a98    00000020     ti_msp_dl_config.o (.text.DL_GPIO_initPeripheralInputFunction)
                  00004ab8    00000020     driverlib.a : dl_uart.o (.text.DL_UART_transmitDataBlocking)
                  00004ad8    0000001e     ti_msp_dl_config.o (.text.DL_UART_setOversampling)
                  00004af6    00000002     --HOLE-- [fill = 0]
                  00004af8    0000001e     libclang_rt.builtins.a : ashldi3.S.obj (.text.__ashldi3)
                  00004b16    00000002     --HOLE-- [fill = 0]
                  00004b18    0000001c     main.o (.text.DL_GPIO_clearInterruptStatus)
                  00004b34    0000001c     ti_msp_dl_config.o (.text.DL_GPIO_clearInterruptStatus)
                  00004b50    0000001c     ti_msp_dl_config.o (.text.DL_GPIO_enableInterrupt)
                  00004b6c    0000001c     ti_msp_dl_config.o (.text.DL_GPIO_initDigitalInput)
                  00004b88    0000001c     ti_msp_dl_config.o (.text.DL_GPIO_initPeripheralOutputFunction)
                  00004ba4    0000001c     ti_msp_dl_config.o (.text.DL_SYSCTL_setMCLKDivider)
                  00004bc0    0000001c     ti_msp_dl_config.o (.text.DL_SYSCTL_setSYSOSCFreq)
                  00004bdc    0000001c     ti_msp_dl_config.o (.text.DL_SYSCTL_setULPCLKDivider)
                  00004bf8    0000001c     ti_msp_dl_config.o (.text.DL_Timer_enableInterrupt)
                  00004c14    0000001c     driverlib.a : dl_timer.o (.text.DL_Timer_setCaptCompUpdateMethod)
                  00004c30    0000001c                 : dl_timer.o (.text.DL_Timer_setClockConfig)
                  00004c4c    0000001c     ti_msp_dl_config.o (.text.DL_UART_enableInterrupt)
                  00004c68    0000001c     main.o (.text.fputc)
                  00004c84    00000018     ti_msp_dl_config.o (.text.DL_GPIO_enableOutput)
                  00004c9c    00000018     ti_msp_dl_config.o (.text.DL_GPIO_enablePower)
                  00004cb4    00000018     main.o (.text.DL_GPIO_getEnabledInterruptStatus)
                  00004ccc    00000018     ti_msp_dl_config.o (.text.DL_GPIO_initDigitalOutput)
                  00004ce4    00000018     ti_msp_dl_config.o (.text.DL_GPIO_reset)
                  00004cfc    00000018     main.o (.text.DL_GPIO_setPins)
                  00004d14    00000018     motor.o (.text.DL_GPIO_setPins)
                  00004d2c    00000018     oled.o (.text.DL_GPIO_setPins)
                  00004d44    00000018     ti_msp_dl_config.o (.text.DL_GPIO_setUpperPinsPolarity)
                  00004d5c    00000018     main.o (.text.DL_GPIO_togglePins)
                  00004d74    00000018     ti_msp_dl_config.o (.text.DL_SYSCTL_setBORThreshold)
                  00004d8c    00000018     ti_msp_dl_config.o (.text.DL_Timer_enablePower)
                  00004da4    00000018     ti_msp_dl_config.o (.text.DL_Timer_reset)
                  00004dbc    00000018     driverlib.a : dl_timer.o (.text.DL_Timer_setCaptureCompareOutCtl)
                  00004dd4    00000018     main.o (.text.DL_Timer_startCounter)
                  00004dec    00000018     ti_msp_dl_config.o (.text.DL_UART_enablePower)
                  00004e04    00000018     ti_msp_dl_config.o (.text.DL_UART_reset)
                  00004e1c    00000018     libc.a : sprintf.c.obj (.text._outs)
                  00004e34    00000016     control_two.o (.text.DL_GPIO_readPins)
                  00004e4a    00000016     key.o (.text.DL_GPIO_readPins)
                  00004e60    00000016     main.o (.text.DL_GPIO_readPins)
                  00004e76    00000016     ti_msp_dl_config.o (.text.DL_UART_enable)
                  00004e8c    00000016     libc.a : copy_zero_init.c.obj (.text:decompress:ZI:__TI_zero_init_nomemset)
                  00004ea2    00000014     main.o (.text.DL_GPIO_clearPins)
                  00004eb6    00000014     motor.o (.text.DL_GPIO_clearPins)
                  00004eca    00000014     oled.o (.text.DL_GPIO_clearPins)
                  00004ede    00000014     ti_msp_dl_config.o (.text.DL_GPIO_clearPins)
                  00004ef2    00000002     --HOLE-- [fill = 0]
                  00004ef4    00000014     ti_msp_dl_config.o (.text.DL_SYSCTL_disableSYSPLL)
                  00004f08    00000014     ti_msp_dl_config.o (.text.DL_Timer_enableClock)
                  00004f1c    00000014     ti_msp_dl_config.o (.text.DL_Timer_setCCPDirection)
                  00004f30    00000014     main.o (.text.DL_UART_receiveData)
                  00004f44    00000014     libclang_rt.builtins.a : aeabi_uldivmod.S.obj (.text.__aeabi_uldivmod)
                  00004f58    00000014     libc.a : _printfi.c.obj (.text.strchr)
                  00004f6c    00000012     driverlib.a : dl_uart.o (.text.DL_UART_setClockConfig)
                  00004f7e    00000012     libc.a : memcpy16.S.obj (.text:TI_memcpy_small)
                  00004f90    00000012            : copy_decompress_none.c.obj (.text:decompress:none)
                  00004fa2    00000002     --HOLE-- [fill = 0]
                  00004fa4    00000010     ti_msp_dl_config.o (.text.DL_SYSCTL_disableHFXT)
                  00004fb4    00000010     driverlib.a : dl_timer.o (.text.DL_Timer_setCaptureCompareValue)
                  00004fc4    00000010     libc.a : wcslen.c.obj (.text.wcslen)
                  00004fd4    0000000e     libclang_rt.builtins.a : aeabi_memset.S.obj (.text.__aeabi_memset)
                  00004fe2    0000000e     libc.a : _printfi.c.obj (.text.strlen)
                  00004ff0    0000000e            : strlen.c.obj (.text.strlen)
                  00004ffe    0000000e            : memset16.S.obj (.text:TI_memset_small)
                  0000500c    0000000a     driverlib.a : dl_common.o (.text.DL_Common_delayCycles)
                  00005016    0000000a     libc.a : _printfi.c.obj (.text.OUTLINED_FUNCTION_0)
                  00005020    00000010     libclang_rt.builtins.a : adddf3.S.obj (.tramp.__aeabi_dsub.1)
                  00005030    0000000a     libc.a : _printfi.c.obj (.text.OUTLINED_FUNCTION_1)
                  0000503a    0000000a            : sprintf.c.obj (.text._outc)
                  00005044    00000008            : aeabi_portable.c.obj (.text.__aeabi_errno_addr)
                  0000504c    00000008     libclang_rt.builtins.a : aeabi_memcpy.S.obj (.text.__aeabi_memcpy)
                  00005054    00000008     libc.a : printf.c.obj (.text._outc)
                  0000505c    00000008            : printf.c.obj (.text._outs)
                  00005064    00000004     startup_mspm0g350x_ticlang.o (.text.Default_Handler)
                  00005068    00000004     startup_mspm0g350x_ticlang.o (.text.Reset_Handler)
                  0000506c    00000004     libc.a : pre_init.c.obj (.text._system_pre_init)
                  00005070    00000004            : exit.c.obj (.text:abort)
                  00005074    00000004     --HOLE-- [fill = 0]

.cinit     0    00005a80    00000078     
                  00005a80    0000004f     (.cinit..data.load) [load image, compression = lzss]
                  00005acf    00000001     --HOLE-- [fill = 0]
                  00005ad0    0000000c     (__TI_handler_table)
                  00005adc    00000008     (.cinit..bss.load) [load image, compression = zero_init]
                  00005ae4    00000010     (__TI_cinit_table)
                  00005af4    00000004     --HOLE-- [fill = 0]

.rodata    0    00005080    00000a00     
                  00005080    000005f0     oled.o (.rodata.asc2_1608)
                  00005670    00000228     oled.o (.rodata.asc2_0806)
                  00005898    00000008     ti_msp_dl_config.o (.rodata.gMOTOR_PWMConfig)
                  000058a0    00000101     libc.a : aeabi_ctype.S.obj (.rodata:__aeabi_ctype_table_)
                  000059a1    00000015     main.o (.rodata.str1.17141933821247617371)
                  000059b6    00000002     ti_msp_dl_config.o (.rodata.gUART_0ClockConfig)
                  000059b8    00000014     ti_msp_dl_config.o (.rodata.gTIMER_0TimerConfig)
                  000059cc    00000014     ti_msp_dl_config.o (.rodata.gTIMER_EncoderTimerConfig)
                  000059e0    00000012     main.o (.rodata.str1.42969106790848045441)
                  000059f2    00000011     libc.a : _printfi.c.obj (.rodata.str1.11645776875810915891)
                  00005a03    00000011            : _printfi.c.obj (.rodata.str1.44690500295887128011)
                  00005a14    00000011     main.o (.rodata.str1.97993385775340092391)
                  00005a25    0000000d     main.o (.rodata.str1.52501554851255701521)
                  00005a32    0000000c     main.o (.rodata.str1.176328792963337784071)
                  00005a3e    0000000a     ti_msp_dl_config.o (.rodata.gUART_0Config)
                  00005a48    0000000a     ti_msp_dl_config.o (.rodata.gUART_JY61PConfig)
                  00005a52    0000000a     main.o (.rodata.str1.171135724027876188451)
                  00005a5c    00000009     main.o (.rodata.str1.79551435545072341851)
                  00005a65    00000008     main.o (.rodata.str1.55841430354152434161)
                  00005a6d    00000003     ti_msp_dl_config.o (.rodata.gMOTOR_PWMClockConfig)
                  00005a70    00000003     ti_msp_dl_config.o (.rodata.gTIMER_0ClockConfig)
                  00005a73    00000003     ti_msp_dl_config.o (.rodata.gTIMER_EncoderClockConfig)
                  00005a76    00000002     ti_msp_dl_config.o (.rodata.gUART_JY61PClockConfig)
                  00005a78    00000008     --HOLE-- [fill = 0]

.init_array 
*          0    00000000    00000000     UNINITIALIZED

.binit     0    00000000    00000000     

.bss       0    20200000    00000243     UNINITIALIZED
                  20200000    000000bc     (.common:gMOTOR_PWMBackup)
                  202000bc    000000bc     (.common:gTIMER_0Backup)
                  20200178    00000078     (.common:gTIMER_EncoderBackup)
                  202001f0    0000001e     (.common:OledString)
                  2020020e    00000009     (.common:receivedData)
                  20200217    00000001     (.common:PitchH)
                  20200218    00000004     pid.o (.bss.PD_Angle.error_current)
                  2020021c    00000004     pid.o (.bss.PD_Angle.error_last)
                  20200220    00000004     (.common:car_location_1)
                  20200224    00000004     (.common:car_location_2)
                  20200228    00000004     (.common:gpioA)
                  2020022c    00000004     (.common:left)
                  20200230    00000004     (.common:right)
                  20200234    00000001     (.common:PitchL)
                  20200235    00000001     (.common:RollH)
                  20200236    00000001     (.common:RollL)
                  20200237    00000001     (.common:SUM)
                  20200238    00000001     (.common:VH)
                  20200239    00000001     (.common:VL)
                  2020023a    00000001     (.common:YawH)
                  2020023b    00000001     (.common:YawL)
                  2020023c    00000001     (.common:xunji_0)
                  2020023d    00000001     (.common:xunji_1)
                  2020023e    00000001     (.common:xunji_2)
                  2020023f    00000001     (.common:xunji_3)
                  20200240    00000001     (.common:xunji_4)
                  20200241    00000001     (.common:xunji_5)
                  20200242    00000001     (.common:xunji_6)

.data      0    20200244    000001ba     UNINITIALIZED
                  20200244    000000f0     libc.a : defs.c.obj (.data._ftable)
                  20200334    00000004     key.o (.data.KEY_Scan.key_up)
                  20200338    00000004     pid.o (.data.Kd_Gray)
                  2020033c    00000004     pid.o (.data.Kd_Speed_A)
                  20200340    00000004     pid.o (.data.Kd_Speed_B)
                  20200344    00000004     pid.o (.data.Ki_Gray)
                  20200348    00000004     pid.o (.data.Ki_Speed_A)
                  2020034c    00000004     pid.o (.data.Ki_Speed_B)
                  20200350    00000004     pid.o (.data.Kp_Gray)
                  20200354    00000004     pid.o (.data.Kp_Speed_A)
                  20200358    00000004     pid.o (.data.Kp_Speed_B)
                  2020035c    00000004     pid.o (.data.PID_Gray.Err_Gray)
                  20200360    00000004     pid.o (.data.PID_Gray.Gray_PWM_Out)
                  20200364    00000004     pid.o (.data.PID_Gray.L_Gray_Err)
                  20200368    00000004     pid.o (.data.PID_Gray.L_L_Gray_Err)
                  2020036c    00000004     pid.o (.data.PID_Speed_A.Err_Speed)
                  20200370    00000004     pid.o (.data.PID_Speed_A.L_L_Speed_Err)
                  20200374    00000004     pid.o (.data.PID_Speed_A.L_Speed_Err)
                  20200378    00000004     pid.o (.data.PID_Speed_A.Speed_PWM_Out)
                  2020037c    00000004     pid.o (.data.PID_Speed_B.Err_Speed)
                  20200380    00000004     pid.o (.data.PID_Speed_B.L_L_Speed_Err)
                  20200384    00000004     pid.o (.data.PID_Speed_B.L_Speed_Err)
                  20200388    00000004     pid.o (.data.PID_Speed_B.Speed_PWM_Out)
                  2020038c    00000004     main.o (.data.Problem_Flag)
                  20200390    00000004     pid.o (.data.Target_Speed)
                  20200394    00000004     pid.o (.data.Target_Speed_A)
                  20200398    00000004     pid.o (.data.Target_Speed_B)
                  2020039c    00000004     libc.a : aeabi_portable.c.obj (.data.__aeabi_errno)
                  202003a0    00000004            : _lock.c.obj (.data._lock)
                  202003a4    00000004            : _lock.c.obj (.data._unlock)
                  202003a8    00000004     main.o (.data.angle_flag)
                  202003ac    00000004     main.o (.data.black)
                  202003b0    00000004     main.o (.data.buzzer_flag)
                  202003b4    00000004     main.o (.data.buzzer_time_count)
                  202003b8    00000004     pid.o (.data.car_speed_1)
                  202003bc    00000004     pid.o (.data.car_speed_2)
                  202003c0    00000004     main.o (.data.first_time)
                  202003c4    00000004     main.o (.data.flag_count)
                  202003c8    00000004     main.o (.data.huidu)
                  202003cc    00000004     main.o (.data.justencde)
                  202003d0    00000004     main.o (.data.pitch)
                  202003d4    00000004     main.o (.data.progress)
                  202003d8    00000004     main.o (.data.roll)
                  202003dc    00000004     main.o (.data.speed_flag)
                  202003e0    00000004     main.o (.data.target_angle)
                  202003e4    00000004     main.o (.data.timeout)
                  202003e8    00000004     main.o (.data.turn_flag)
                  202003ec    00000004     main.o (.data.wait_flag)
                  202003f0    00000004     main.o (.data.weight)
                  202003f4    00000004     main.o (.data.wight)
                  202003f8    00000004     main.o (.data.yaw)
                  202003fc    00000001     JY61P.o (.data.RxState)
                  202003fd    00000001     JY61P.o (.data.dataIndex)

.stack     0    20207e00    00000200     UNINITIALIZED
                  20207e00    00000004     libc.a : boot_cortex_m.c.obj (.stack)
                  20207e04    000001fc     --HOLE--

__llvm_prf_cnts 
*          0    20200000    00000000     UNINITIALIZED

__llvm_prf_bits 
*          0    20200000    00000000     UNINITIALIZED

MODULE SUMMARY

       Module                         code    ro data   rw data
       ------                         ----    -------   -------
    .\
       main.o                         5036    108       129    
       ti_msp_dl_config.o             2002    81        496    
       startup_mspm0g350x_ticlang.o   8       192       0      
    +--+------------------------------+-------+---------+---------+
       Total:                         7046    381       625    
                                                               
    .\KEY\
       key.o                          322     0         4      
       control_two.o                  286     0         0      
       JY61P.o                        156     0         20     
       Delay.o                        34      0         0      
    +--+------------------------------+-------+---------+---------+
       Total:                         798     0         24     
                                                               
    .\MOTOR\
       motor.o                        308     0         0      
    +--+------------------------------+-------+---------+---------+
       Total:                         308     0         0      
                                                               
    .\OLED\
       oled.o                         1186    2072      0      
    +--+------------------------------+-------+---------+---------+
       Total:                         1186    2072      0      
                                                               
    .\PID\
       pid.o                          1956    0         120    
    +--+------------------------------+-------+---------+---------+
       Total:                         1956    0         120    
                                                               
    D:/TI/SDK/mspm0_sdk_2_01_00_03/source/ti/driverlib/lib/ticlang/m0p/mspm0g1x0x_g3x0x/driverlib.a
       dl_timer.o                     652     0         0      
       dl_uart.o                      122     0         0      
       dl_common.o                    10      0         0      
    +--+------------------------------+-------+---------+---------+
       Total:                         784     0         0      
                                                               
    D:\TI\ccs\tools\compiler\ti-cgt-armllvm_3.2.2.LTS\lib\armv6m-ti-none-eabi/c/libc.a
       _printfi.c.obj                 4558    34        0      
       aeabi_ctype.S.obj              0       257       0      
       defs.c.obj                     0       0         240    
       s_scalbn.c.obj                 216     0         0      
       copy_decompress_lzss.c.obj     120     0         0      
       printf.c.obj                   108     0         0      
       s_frexp.c.obj                  92      0         0      
       sprintf.c.obj                  90      0         0      
       _ltoa.c.obj                    88      0         0      
       atoi.c.obj                     64      0         0      
       autoinit.c.obj                 60      0         0      
       boot_cortex_m.c.obj            40      0         0      
       memccpy.c.obj                  34      0         0      
       copy_zero_init.c.obj           22      0         0      
       copy_decompress_none.c.obj     18      0         0      
       memcpy16.S.obj                 18      0         0      
       wcslen.c.obj                   16      0         0      
       memset16.S.obj                 14      0         0      
       strlen.c.obj                   14      0         0      
       aeabi_portable.c.obj           8       0         4      
       _lock.c.obj                    2       0         8      
       exit.c.obj                     4       0         0      
       pre_init.c.obj                 4       0         0      
    +--+------------------------------+-------+---------+---------+
       Total:                         5590    291       252    
                                                               
    D:\TI\ccs\tools\compiler\ti-cgt-armllvm_3.2.2.LTS\lib\clang/15.0.7/lib/armv6m-ti-none-eabi/libclang_rt.builtins.a
       adddf3.S.obj                   418     0         0      
       divdf3.S.obj                   268     0         0      
       muldf3.S.obj                   228     0         0      
       comparedf2.c.obj               220     0         0      
       addsf3.S.obj                   216     0         0      
       udivmoddi4.S.obj               162     0         0      
       mulsf3.S.obj                   140     0         0      
       divsf3.S.obj                   130     0         0      
       comparesf2.S.obj               118     0         0      
       aeabi_dcmp.S.obj               98      0         0      
       aeabi_fcmp.S.obj               98      0         0      
       aeabi_idivmod.S.obj            86      0         0      
       fixdfsi.S.obj                  74      0         0      
       aeabi_uidivmod.S.obj           64      0         0      
       extendsfdf2.S.obj              64      0         0      
       floatsisf.S.obj                60      0         0      
       muldsi3.S.obj                  58      0         0      
       fixsfsi.S.obj                  56      0         0      
       floatsidf.S.obj                44      0         0      
       muldi3.S.obj                   36      0         0      
       ashldi3.S.obj                  30      0         0      
       aeabi_uldivmod.S.obj           20      0         0      
       aeabi_memset.S.obj             14      0         0      
       aeabi_memcpy.S.obj             8       0         0      
       aeabi_div0.c.obj               4       0         0      
    +--+------------------------------+-------+---------+---------+
       Total:                         2714    0         0      
                                                               
       Stack:                         0       0         512    
       Linker Generated:              0       115       0      
    +--+------------------------------+-------+---------+---------+
       Grand Total:                   20382   2859      1533   


LINKER GENERATED COPY TABLES

__TI_cinit_table @ 00005ae4 records: 2, size/record: 8, table size: 16
	.data: load addr=00005a80, load size=0000004f bytes, run addr=20200244, run size=000001ba bytes, compression=lzss
	.bss: load addr=00005adc, load size=00000008 bytes, run addr=20200000, run size=00000243 bytes, compression=zero_init


LINKER GENERATED HANDLER TABLE

__TI_handler_table @ 00005ad0 records: 3, size/record: 4, table size: 12
	index: 0, handler: __TI_decompress_lzss
	index: 1, handler: __TI_decompress_none
	index: 2, handler: __TI_zero_init


FAR CALL TRAMPOLINES

callee name               trampoline name
   callee addr  tramp addr   call addr  call info
--------------  -----------  ---------  ----------------
__aeabi_dsub              $Tramp$TT$L$PI$$__aeabi_dsub
   00001dd1     00005020     0000501e   libc.a : _printfi.c.obj (.text.OUTLINED_FUNCTION_0)

[1 trampolines]
[1 trampoline calls]


GLOBAL SYMBOLS: SORTED ALPHABETICALLY BY Name 

address   name                            
-------   ----                            
00005065  ADC0_IRQHandler                 
00005065  ADC1_IRQHandler                 
00005065  AES_IRQHandler                  
00005070  C$$EXIT                         
00005065  CANFD0_IRQHandler               
00002f2d  Car_PD_Angle                    
00003489  Car_PID_Ctrl_Speed              
000036f1  Car_PID_Ctrl_Speed_single       
00003025  Car_PID_GRAY                    
00005065  DAC0_IRQHandler                 
0000500d  DL_Common_delayCycles           
00003bb9  DL_TimerA_initPWMMode           
0000362d  DL_Timer_initPWMMode            
0000310d  DL_Timer_initTimerMode          
00004c15  DL_Timer_setCaptCompUpdateMethod
00004dbd  DL_Timer_setCaptureCompareOutCtl
00004fb5  DL_Timer_setCaptureCompareValue 
00004c31  DL_Timer_setClockConfig         
000043d9  DL_UART_init                    
00004f6d  DL_UART_setClockConfig          
00004ab9  DL_UART_transmitDataBlocking    
00005065  DMA_IRQHandler                  
00005065  Default_Handler                 
00005065  GROUP0_IRQHandler               
00002465  GROUP1_IRQHandler               
00005065  HardFault_Handler               
00005065  I2C0_IRQHandler                 
00005065  I2C1_IRQHandler                 
00004759  I2C_Start                       
000048cd  I2C_Stop                        
000048fd  I2C_WaitAck                     
00002339  KEY_Scan                        
20200338  Kd_Gray                         
2020033c  Kd_Speed_A                      
20200340  Kd_Speed_B                      
20200344  Ki_Gray                         
20200348  Ki_Speed_A                      
2020034c  Ki_Speed_B                      
20200350  Kp_Gray                         
20200354  Kp_Speed_A                      
20200358  Kp_Speed_B                      
00002b1d  Motor_Set                       
00005065  NMI_Handler                     
00003ef9  OLED_Clear                      
00002e31  OLED_Init                       
000045b5  OLED_Set_Pos                    
00002d2d  OLED_ShowChar                   
00003dad  OLED_ShowString                 
000042f1  OLED_WR_Byte                    
202001f0  OledString                      
0000355d  PD_Angle                        
000028f5  PID_Gray                        
0000258d  PID_Speed_A                     
000026b1  PID_Speed_B                     
00005065  PendSV_Handler                  
20200217  PitchH                          
20200234  PitchL                          
000037ad  Problem1                        
000020b9  Problem2                        
00000ef9  Problem3                        
00000ac1  Problem4                        
2020038c  Problem_Flag                    
00005065  RTC_IRQHandler                  
00005069  Reset_Handler                   
20200235  RollH                           
20200236  RollL                           
202003fc  RxState                         
00005065  SPI0_IRQHandler                 
00005065  SPI1_IRQHandler                 
20200237  SUM                             
00005065  SVC_Handler                     
00001f65  SYSCFG_DL_GPIO_init             
00003c39  SYSCFG_DL_MOTOR_PWM_init        
00004869  SYSCFG_DL_SYSCTL_init           
000045f1  SYSCFG_DL_TIMER_0_init          
00004835  SYSCFG_DL_TIMER_Encoder_init    
00004421  SYSCFG_DL_UART_0_init           
00004469  SYSCFG_DL_UART_JY61P_init       
000044b1  SYSCFG_DL_init                  
00003999  SYSCFG_DL_initPower             
00003cb9  Send_Byte                       
000038fd  Serial_JY61P_Zero_Yaw           
00005065  SysTick_Handler                 
00005065  TIMA0_IRQHandler                
00001509  TIMA1_IRQHandler                
00005065  TIMG0_IRQHandler                
00005065  TIMG12_IRQHandler               
00005065  TIMG6_IRQHandler                
00005065  TIMG7_IRQHandler                
00005065  TIMG8_IRQHandler                
00004f7f  TI_memcpy_small                 
00004fff  TI_memset_small                 
20200390  Target_Speed                    
20200394  Target_Speed_A                  
20200398  Target_Speed_B                  
00001f63  UART0_IRQHandler                
0000121d  UART1_IRQHandler                
00005065  UART2_IRQHandler                
00005065  UART3_IRQHandler                
20200238  VH                              
20200239  VL                              
2020023a  YawH                            
2020023b  YawL                            
20208000  __STACK_END                     
00000200  __STACK_SIZE                    
00000000  __TI_ATRegion0_region_sz        
00000000  __TI_ATRegion0_src_addr         
00000000  __TI_ATRegion0_trg_addr         
00000000  __TI_ATRegion1_region_sz        
00000000  __TI_ATRegion1_src_addr         
00000000  __TI_ATRegion1_trg_addr         
00000000  __TI_ATRegion2_region_sz        
00000000  __TI_ATRegion2_src_addr         
00000000  __TI_ATRegion2_trg_addr         
00005ae4  __TI_CINIT_Base                 
00005af4  __TI_CINIT_Limit                
00005af4  __TI_CINIT_Warm                 
00005ad0  __TI_Handler_Table_Base         
00005adc  __TI_Handler_Table_Limit        
000046a5  __TI_auto_init_nobinit_nopinit  
00003d35  __TI_decompress_lzss            
00004f91  __TI_decompress_none            
00004149  __TI_ltoa                       
ffffffff  __TI_pprof_out_hndl             
000000c1  __TI_printfi                    
ffffffff  __TI_prof_data_size             
ffffffff  __TI_prof_data_start            
00000000  __TI_static_base__              
00004e8d  __TI_zero_init_nomemset         
00001ddb  __adddf3                        
000033bb  __addsf3                        
000058a0  __aeabi_ctype_table_            
000058a0  __aeabi_ctype_table_C           
0000438d  __aeabi_d2iz                    
00001ddb  __aeabi_dadd                    
00003fc9  __aeabi_dcmpeq                  
00004005  __aeabi_dcmpge                  
00004019  __aeabi_dcmpgt                  
00003ff1  __aeabi_dcmple                  
00003fdd  __aeabi_dcmplt                  
00002a11  __aeabi_ddiv                    
000031f5  __aeabi_dmul                    
00001dd1  __aeabi_dsub                    
2020039c  __aeabi_errno                   
00005045  __aeabi_errno_addr              
00004535  __aeabi_f2d                     
00004791  __aeabi_f2iz                    
000033bb  __aeabi_fadd                    
0000402d  __aeabi_fcmpeq                  
00004069  __aeabi_fcmpge                  
0000407d  __aeabi_fcmpgt                  
00004055  __aeabi_fcmple                  
00004041  __aeabi_fcmplt                  
00003b35  __aeabi_fdiv                    
00003a25  __aeabi_fmul                    
000033b1  __aeabi_fsub                    
000049b5  __aeabi_i2d                     
0000462d  __aeabi_i2f                     
000041f9  __aeabi_idiv                    
00002f2b  __aeabi_idiv0                   
000041f9  __aeabi_idivmod                 
000038fb  __aeabi_ldiv0                   
00004af9  __aeabi_llsl                    
00004a31  __aeabi_lmul                    
0000504d  __aeabi_memcpy                  
0000504d  __aeabi_memcpy4                 
0000504d  __aeabi_memcpy8                 
00004fd5  __aeabi_memset                  
00004fd5  __aeabi_memset4                 
00004fd5  __aeabi_memset8                 
000044f5  __aeabi_uidiv                   
000044f5  __aeabi_uidivmod                
00004f45  __aeabi_uldivmod                
00004af9  __ashldi3                       
ffffffff  __binit__                       
00003e8d  __cmpdf2                        
000046e1  __cmpsf2                        
00002a11  __divdf3                        
00003b35  __divsf3                        
00003e8d  __eqdf2                         
000046e1  __eqsf2                         
00004535  __extendsfdf2                   
0000438d  __fixdfsi                       
00004791  __fixsfsi                       
000049b5  __floatsidf                     
0000462d  __floatsisf                     
00003e1d  __gedf2                         
00004669  __gesf2                         
00003e1d  __gtdf2                         
00004669  __gtsf2                         
00003e8d  __ledf2                         
000046e1  __lesf2                         
00003e8d  __ltdf2                         
000046e1  __ltsf2                         
UNDEFED   __mpu_init                      
000031f5  __muldf3                        
00004a31  __muldi3                        
0000471d  __muldsi3                       
00003a25  __mulsf3                        
00003e8d  __nedf2                         
000046e1  __nesf2                         
20207e00  __stack                         
20200000  __start___llvm_prf_bits         
20200000  __start___llvm_prf_cnts         
20200000  __stop___llvm_prf_bits          
20200000  __stop___llvm_prf_cnts          
00001dd1  __subdf3                        
000033b1  __subsf3                        
00003859  __udivmoddi4                    
00004a09  _c_int00_noargs                 
20200244  _ftable                         
202003a0  _lock                           
00003bb7  _nop                            
UNDEFED   _system_post_cinit              
0000506d  _system_pre_init                
202003a4  _unlock                         
00005071  abort                           
202003a8  angle_flag                      
00005670  asc2_0806                       
00005080  asc2_1608                       
00004575  atoi                            
ffffffff  binit                           
202003ac  black                           
202003b0  buzzer_flag                     
202003b4  buzzer_time_count               
20200220  car_location_1                  
20200224  car_location_2                  
202003b8  car_speed_1                     
202003bc  car_speed_2                     
202003fd  dataIndex                       
00004a55  delay_ms                        
202003c0  first_time                      
202003c4  flag_count                      
00004c69  fputc                           
000042a1  fputs                           
00004091  frexp                           
00004091  frexpl                          
20200000  gMOTOR_PWMBackup                
202000bc  gTIMER_0Backup                  
20200178  gTIMER_EncoderBackup            
20200228  gpioA                           
202003c8  huidu                           
00000000  interruptVectors                
202003cc  justencde                       
000032d9  ldexp                           
000032d9  ldexpl                          
2020022c  left                            
000019f9  main                            
00004a77  memccpy                         
202003d0  pitch                           
000040ed  printf                          
202003d4  progress                        
2020020e  receivedData                    
20200230  right                           
202003d8  roll                            
000032d9  scalbn                          
000032d9  scalbnl                         
202003dc  speed_flag                      
000047c9  sprintf                         
00004ff1  strlen                          
202003e0  target_angle                    
202003e4  timeout                         
202003e8  turn_flag                       
202003ec  wait_flag                       
00004fc5  wcslen                          
202003f0  weight                          
202003f4  wight                           
00002c25  xunji                           
2020023c  xunji_0                         
2020023d  xunji_1                         
2020023e  xunji_2                         
2020023f  xunji_3                         
20200240  xunji_4                         
20200241  xunji_5                         
20200242  xunji_6                         
202003f8  yaw                             


GLOBAL SYMBOLS: SORTED BY Symbol Address 

address   name                            
-------   ----                            
00000000  __TI_ATRegion0_region_sz        
00000000  __TI_ATRegion0_src_addr         
00000000  __TI_ATRegion0_trg_addr         
00000000  __TI_ATRegion1_region_sz        
00000000  __TI_ATRegion1_src_addr         
00000000  __TI_ATRegion1_trg_addr         
00000000  __TI_ATRegion2_region_sz        
00000000  __TI_ATRegion2_src_addr         
00000000  __TI_ATRegion2_trg_addr         
00000000  __TI_static_base__              
00000000  interruptVectors                
000000c1  __TI_printfi                    
00000200  __STACK_SIZE                    
00000ac1  Problem4                        
00000ef9  Problem3                        
0000121d  UART1_IRQHandler                
00001509  TIMA1_IRQHandler                
000019f9  main                            
00001dd1  __aeabi_dsub                    
00001dd1  __subdf3                        
00001ddb  __adddf3                        
00001ddb  __aeabi_dadd                    
00001f63  UART0_IRQHandler                
00001f65  SYSCFG_DL_GPIO_init             
000020b9  Problem2                        
00002339  KEY_Scan                        
00002465  GROUP1_IRQHandler               
0000258d  PID_Speed_A                     
000026b1  PID_Speed_B                     
000028f5  PID_Gray                        
00002a11  __aeabi_ddiv                    
00002a11  __divdf3                        
00002b1d  Motor_Set                       
00002c25  xunji                           
00002d2d  OLED_ShowChar                   
00002e31  OLED_Init                       
00002f2b  __aeabi_idiv0                   
00002f2d  Car_PD_Angle                    
00003025  Car_PID_GRAY                    
0000310d  DL_Timer_initTimerMode          
000031f5  __aeabi_dmul                    
000031f5  __muldf3                        
000032d9  ldexp                           
000032d9  ldexpl                          
000032d9  scalbn                          
000032d9  scalbnl                         
000033b1  __aeabi_fsub                    
000033b1  __subsf3                        
000033bb  __addsf3                        
000033bb  __aeabi_fadd                    
00003489  Car_PID_Ctrl_Speed              
0000355d  PD_Angle                        
0000362d  DL_Timer_initPWMMode            
000036f1  Car_PID_Ctrl_Speed_single       
000037ad  Problem1                        
00003859  __udivmoddi4                    
000038fb  __aeabi_ldiv0                   
000038fd  Serial_JY61P_Zero_Yaw           
00003999  SYSCFG_DL_initPower             
00003a25  __aeabi_fmul                    
00003a25  __mulsf3                        
00003b35  __aeabi_fdiv                    
00003b35  __divsf3                        
00003bb7  _nop                            
00003bb9  DL_TimerA_initPWMMode           
00003c39  SYSCFG_DL_MOTOR_PWM_init        
00003cb9  Send_Byte                       
00003d35  __TI_decompress_lzss            
00003dad  OLED_ShowString                 
00003e1d  __gedf2                         
00003e1d  __gtdf2                         
00003e8d  __cmpdf2                        
00003e8d  __eqdf2                         
00003e8d  __ledf2                         
00003e8d  __ltdf2                         
00003e8d  __nedf2                         
00003ef9  OLED_Clear                      
00003fc9  __aeabi_dcmpeq                  
00003fdd  __aeabi_dcmplt                  
00003ff1  __aeabi_dcmple                  
00004005  __aeabi_dcmpge                  
00004019  __aeabi_dcmpgt                  
0000402d  __aeabi_fcmpeq                  
00004041  __aeabi_fcmplt                  
00004055  __aeabi_fcmple                  
00004069  __aeabi_fcmpge                  
0000407d  __aeabi_fcmpgt                  
00004091  frexp                           
00004091  frexpl                          
000040ed  printf                          
00004149  __TI_ltoa                       
000041f9  __aeabi_idiv                    
000041f9  __aeabi_idivmod                 
000042a1  fputs                           
000042f1  OLED_WR_Byte                    
0000438d  __aeabi_d2iz                    
0000438d  __fixdfsi                       
000043d9  DL_UART_init                    
00004421  SYSCFG_DL_UART_0_init           
00004469  SYSCFG_DL_UART_JY61P_init       
000044b1  SYSCFG_DL_init                  
000044f5  __aeabi_uidiv                   
000044f5  __aeabi_uidivmod                
00004535  __aeabi_f2d                     
00004535  __extendsfdf2                   
00004575  atoi                            
000045b5  OLED_Set_Pos                    
000045f1  SYSCFG_DL_TIMER_0_init          
0000462d  __aeabi_i2f                     
0000462d  __floatsisf                     
00004669  __gesf2                         
00004669  __gtsf2                         
000046a5  __TI_auto_init_nobinit_nopinit  
000046e1  __cmpsf2                        
000046e1  __eqsf2                         
000046e1  __lesf2                         
000046e1  __ltsf2                         
000046e1  __nesf2                         
0000471d  __muldsi3                       
00004759  I2C_Start                       
00004791  __aeabi_f2iz                    
00004791  __fixsfsi                       
000047c9  sprintf                         
00004835  SYSCFG_DL_TIMER_Encoder_init    
00004869  SYSCFG_DL_SYSCTL_init           
000048cd  I2C_Stop                        
000048fd  I2C_WaitAck                     
000049b5  __aeabi_i2d                     
000049b5  __floatsidf                     
00004a09  _c_int00_noargs                 
00004a31  __aeabi_lmul                    
00004a31  __muldi3                        
00004a55  delay_ms                        
00004a77  memccpy                         
00004ab9  DL_UART_transmitDataBlocking    
00004af9  __aeabi_llsl                    
00004af9  __ashldi3                       
00004c15  DL_Timer_setCaptCompUpdateMethod
00004c31  DL_Timer_setClockConfig         
00004c69  fputc                           
00004dbd  DL_Timer_setCaptureCompareOutCtl
00004e8d  __TI_zero_init_nomemset         
00004f45  __aeabi_uldivmod                
00004f6d  DL_UART_setClockConfig          
00004f7f  TI_memcpy_small                 
00004f91  __TI_decompress_none            
00004fb5  DL_Timer_setCaptureCompareValue 
00004fc5  wcslen                          
00004fd5  __aeabi_memset                  
00004fd5  __aeabi_memset4                 
00004fd5  __aeabi_memset8                 
00004ff1  strlen                          
00004fff  TI_memset_small                 
0000500d  DL_Common_delayCycles           
00005045  __aeabi_errno_addr              
0000504d  __aeabi_memcpy                  
0000504d  __aeabi_memcpy4                 
0000504d  __aeabi_memcpy8                 
00005065  ADC0_IRQHandler                 
00005065  ADC1_IRQHandler                 
00005065  AES_IRQHandler                  
00005065  CANFD0_IRQHandler               
00005065  DAC0_IRQHandler                 
00005065  DMA_IRQHandler                  
00005065  Default_Handler                 
00005065  GROUP0_IRQHandler               
00005065  HardFault_Handler               
00005065  I2C0_IRQHandler                 
00005065  I2C1_IRQHandler                 
00005065  NMI_Handler                     
00005065  PendSV_Handler                  
00005065  RTC_IRQHandler                  
00005065  SPI0_IRQHandler                 
00005065  SPI1_IRQHandler                 
00005065  SVC_Handler                     
00005065  SysTick_Handler                 
00005065  TIMA0_IRQHandler                
00005065  TIMG0_IRQHandler                
00005065  TIMG12_IRQHandler               
00005065  TIMG6_IRQHandler                
00005065  TIMG7_IRQHandler                
00005065  TIMG8_IRQHandler                
00005065  UART2_IRQHandler                
00005065  UART3_IRQHandler                
00005069  Reset_Handler                   
0000506d  _system_pre_init                
00005070  C$$EXIT                         
00005071  abort                           
00005080  asc2_1608                       
00005670  asc2_0806                       
000058a0  __aeabi_ctype_table_            
000058a0  __aeabi_ctype_table_C           
00005ad0  __TI_Handler_Table_Base         
00005adc  __TI_Handler_Table_Limit        
00005ae4  __TI_CINIT_Base                 
00005af4  __TI_CINIT_Limit                
00005af4  __TI_CINIT_Warm                 
20200000  __start___llvm_prf_bits         
20200000  __start___llvm_prf_cnts         
20200000  __stop___llvm_prf_bits          
20200000  __stop___llvm_prf_cnts          
20200000  gMOTOR_PWMBackup                
202000bc  gTIMER_0Backup                  
20200178  gTIMER_EncoderBackup            
202001f0  OledString                      
2020020e  receivedData                    
20200217  PitchH                          
20200220  car_location_1                  
20200224  car_location_2                  
20200228  gpioA                           
2020022c  left                            
20200230  right                           
20200234  PitchL                          
20200235  RollH                           
20200236  RollL                           
20200237  SUM                             
20200238  VH                              
20200239  VL                              
2020023a  YawH                            
2020023b  YawL                            
2020023c  xunji_0                         
2020023d  xunji_1                         
2020023e  xunji_2                         
2020023f  xunji_3                         
20200240  xunji_4                         
20200241  xunji_5                         
20200242  xunji_6                         
20200244  _ftable                         
20200338  Kd_Gray                         
2020033c  Kd_Speed_A                      
20200340  Kd_Speed_B                      
20200344  Ki_Gray                         
20200348  Ki_Speed_A                      
2020034c  Ki_Speed_B                      
20200350  Kp_Gray                         
20200354  Kp_Speed_A                      
20200358  Kp_Speed_B                      
2020038c  Problem_Flag                    
20200390  Target_Speed                    
20200394  Target_Speed_A                  
20200398  Target_Speed_B                  
2020039c  __aeabi_errno                   
202003a0  _lock                           
202003a4  _unlock                         
202003a8  angle_flag                      
202003ac  black                           
202003b0  buzzer_flag                     
202003b4  buzzer_time_count               
202003b8  car_speed_1                     
202003bc  car_speed_2                     
202003c0  first_time                      
202003c4  flag_count                      
202003c8  huidu                           
202003cc  justencde                       
202003d0  pitch                           
202003d4  progress                        
202003d8  roll                            
202003dc  speed_flag                      
202003e0  target_angle                    
202003e4  timeout                         
202003e8  turn_flag                       
202003ec  wait_flag                       
202003f0  weight                          
202003f4  wight                           
202003f8  yaw                             
202003fc  RxState                         
202003fd  dataIndex                       
20207e00  __stack                         
20208000  __STACK_END                     
ffffffff  __TI_pprof_out_hndl             
ffffffff  __TI_prof_data_size             
ffffffff  __TI_prof_data_start            
ffffffff  __binit__                       
ffffffff  binit                           
UNDEFED   __mpu_init                      
UNDEFED   _system_post_cinit              

[276 symbols]
